2026-08-02 20:56:53  [INFO]  查詢未讀 [K18251]：{'acceptance': 0, 'purchase': 0, 'general': 3, 'budget': 0, 'urgent': 0}（合計 3）
2026-08-02 21:15:59  [INFO]  查詢未讀 [K18251]：{'budget': 0, 'purchase': 0, 'general': 3, 'acceptance': 0, 'urgent': 0}（合計 3）
2026-08-02 21:15:59  [INFO]  取得已讀記錄 [K18251]：{'purchase': 0, 'general': 1, 'acceptance': 0, 'budget': 0, 'urgent': 0}
2026-08-02 21:15:59  [INFO]  取得訊息 [general]：共 4 則
2026-08-02 21:16:00  [INFO]  標記已讀 [K18251] [general] → #4（原 #1）
2026-08-02 21:16:00  [INFO]  標記已讀 [K18251] [general] → #4（原 #4）
2026-08-02 21:16:01  [INFO]  Emoji ✅ [general] msg_id=2（作者：王柏翰）→ 共 1 次
2026-08-02 21:16:02  [INFO]  取得訊息 [general]：共 4 則
2026-08-02 21:16:03  [INFO]  取得訊息 [purchase]：共 0 則
2026-08-02 21:16:03  [INFO]  取得訊息 [purchase]：共 0 則
2026-08-02 21:16:03  [INFO]  取得訊息 [acceptance]：共 0 則
2026-08-02 21:16:03  [INFO]  取得訊息 [acceptance]：共 0 則
2026-08-02 21:16:03  [INFO]  取得訊息 [budget]：共 0 則
2026-08-02 21:16:03  [INFO]  取得訊息 [budget]：共 0 則
2026-08-02 21:16:04  [INFO]  取得訊息 [urgent]：共 0 則
2026-08-02 21:16:04  [INFO]  取得訊息 [urgent]：共 0 則
2026-08-02 21:16:04  [INFO]  取得訊息 [general]：共 4 則
2026-08-02 21:16:04  [INFO]  取得訊息 [general]：共 4 則
2026-08-02 21:16:05  [INFO]  取得訊息 [general]：共 4 則
2026-08-02 21:16:07  [INFO]  查詢未讀 [K18251]：{'budget': 0, 'purchase': 0, 'general': 0, 'acceptance': 0, 'urgent': 0}（合計 0）
2026-08-02 21:16:10  [INFO]  查詢未讀 [K18251]：{'budget': 0, 'purchase': 0, 'general': 0, 'acceptance': 0, 'urgent': 0}（合計 0）
2026-08-02 21:17:40  [INFO]  查詢未讀 [K18251]：{'budget': 0, 'purchase': 0, 'general': 0, 'acceptance': 0, 'urgent': 0}（合計 0）
2026-08-15 09:06:12  [INFO]  查詢未讀 [K18251]：{'general': 0, 'acceptance': 0, 'budget': 0, 'purchase': 0, 'urgent': 0}（合計 0）
2026-08-15 09:06:43  [INFO]  查詢未讀 [K18251]：{'general': 0, 'acceptance': 0, 'budget': 0, 'purchase': 0, 'urgent': 0}（合計 0）
2026-09-06 19:00:12  [INFO]  查詢未讀 [K18251]：{'purchase': 0, 'budget': 0, 'urgent': 0, 'acceptance': 0, 'general': 0}（合計 0）
2026-09-08 18:40:21  [INFO]  查詢未讀 [K18251]：{'urgent': 0, 'budget': 0, 'purchase': 0, 'general': 0, 'acceptance': 0}（合計 0）
2026-09-08 18:41:22  [INFO]  查詢未讀 [K18251]：{'urgent': 0, 'budget': 0, 'purchase': 0, 'general': 0, 'acceptance': 0}（合計 0）
2026-09-08 18:42:22  [INFO]  查詢未讀 [K18251]：{'urgent': 0, 'budget': 0, 'purchase': 0, 'general': 0, 'acceptance': 0}（合計 0）
2026-09-08 18:43:22  [INFO]  查詢未讀 [K18251]：{'urgent': 0, 'budget': 0, 'purchase': 0, 'general': 0, 'acceptance': 0}（合計 0）
2026-09-08 18:44:22  [INFO]  查詢未讀 [K18251]：{'urgent': 0, 'budget': 0, 'purchase': 0, 'general': 0, 'acceptance': 0}（合計 0）
2026-09-08 18:45:22  [INFO]  查詢未讀 [K18251]：{'urgent': 0, 'budget': 0, 'purchase': 0, 'general': 0, 'acceptance': 0}（合計 0）
2026-09-08 18:46:22  [INFO]  查詢未讀 [K18251]：{'urgent': 0, 'budget': 0, 'purchase': 0, 'general': 0, 'acceptance': 0}（合計 0）
2026-09-08 18:47:22  [INFO]  查詢未讀 [K18251]：{'urgent': 0, 'budget': 0, 'purchase': 0, 'general': 0, 'acceptance': 0}（合計 0）
2026-09-08 18:48:23  [INFO]  查詢未讀 [K18251]：{'urgent': 0, 'budget': 0, 'purchase': 0, 'general': 0, 'acceptance': 0}（合計 0）
2026-09-08 18:49:24  [INFO]  查詢未讀 [K18251]：{'urgent': 0, 'budget': 0, 'purchase': 0, 'general': 0, 'acceptance': 0}（合計 0）
2026-09-08 18:50:25  [INFO]  查詢未讀 [K18251]：{'urgent': 0, 'budget': 0, 'purchase': 0, 'general': 0, 'acceptance': 0}（合計 0）
2026-09-08 18:51:26  [INFO]  查詢未讀 [K18251]：{'urgent': 0, 'budget': 0, 'purchase': 0, 'general': 0, 'acceptance': 0}（合計 0）
2026-09-08 18:52:27  [INFO]  查詢未讀 [K18251]：{'urgent': 0, 'budget': 0, 'purchase': 0, 'general': 0, 'acceptance': 0}（合計 0）
2026-09-08 18:53:28  [INFO]  查詢未讀 [K18251]：{'urgent': 0, 'budget': 0, 'purchase': 0, 'general': 0, 'acceptance': 0}（合計 0）
2026-09-08 18:54:29  [INFO]  查詢未讀 [K18251]：{'urgent': 0, 'budget': 0, 'purchase': 0, 'general': 0, 'acceptance': 0}（合計 0）
2026-09-08 18:55:30  [INFO]  查詢未讀 [K18251]：{'urgent': 0, 'budget': 0, 'purchase': 0, 'general': 0, 'acceptance': 0}（合計 0）
2026-09-08 18:56:31  [INFO]  查詢未讀 [K18251]：{'urgent': 0, 'budget': 0, 'purchase': 0, 'general': 0, 'acceptance': 0}（合計 0）
2026-09-08 18:57:32  [INFO]  查詢未讀 [K18251]：{'urgent': 0, 'budget': 0, 'purchase': 0, 'general': 0, 'acceptance': 0}（合計 0）
2026-09-08 18:58:33  [INFO]  查詢未讀 [K18251]：{'urgent': 0, 'budget': 0, 'purchase': 0, 'general': 0, 'acceptance': 0}（合計 0）
2026-09-08 18:59:34  [INFO]  查詢未讀 [K18251]：{'urgent': 0, 'budget': 0, 'purchase': 0, 'general': 0, 'acceptance': 0}（合計 0）
2026-09-08 19:00:35  [INFO]  查詢未讀 [K18251]：{'urgent': 0, 'budget': 0, 'purchase': 0, 'general': 0, 'acceptance': 0}（合計 0）
2026-09-08 19:01:36  [INFO]  查詢未讀 [K18251]：{'urgent': 0, 'budget': 0, 'purchase': 0, 'general': 0, 'acceptance': 0}（合計 0）
2026-09-08 19:02:37  [INFO]  查詢未讀 [K18251]：{'urgent': 0, 'budget': 0, 'purchase': 0, 'general': 0, 'acceptance': 0}（合計 0）
2026-09-08 19:03:38  [INFO]  查詢未讀 [K18251]：{'urgent': 0, 'budget': 0, 'purchase': 0, 'general': 0, 'acceptance': 0}（合計 0）
2026-09-08 19:04:39  [INFO]  查詢未讀 [K18251]：{'urgent': 0, 'budget': 0, 'purchase': 0, 'general': 0, 'acceptance': 0}（合計 0）
2026-09-08 19:05:40  [INFO]  查詢未讀 [K18251]：{'urgent': 0, 'budget': 0, 'purchase': 0, 'general': 0, 'acceptance': 0}（合計 0）
2026-09-08 19:06:41  [INFO]  查詢未讀 [K18251]：{'urgent': 0, 'budget': 0, 'purchase': 0, 'general': 0, 'acceptance': 0}（合計 0）
2026-09-08 19:07:42  [INFO]  查詢未讀 [K18251]：{'urgent': 0, 'budget': 0, 'purchase': 0, 'general': 0, 'acceptance': 0}（合計 0）
2026-09-08 19:08:43  [INFO]  查詢未讀 [K18251]：{'urgent': 0, 'budget': 0, 'purchase': 0, 'general': 0, 'acceptance': 0}（合計 0）
2026-09-08 19:09:44  [INFO]  查詢未讀 [K18251]：{'urgent': 0, 'budget': 0, 'purchase': 0, 'general': 0, 'acceptance': 0}（合計 0）
2026-09-08 19:10:45  [INFO]  查詢未讀 [K18251]：{'urgent': 0, 'budget': 0, 'purchase': 0, 'general': 0, 'acceptance': 0}（合計 0）
2026-09-08 19:11:46  [INFO]  查詢未讀 [K18251]：{'urgent': 0, 'budget': 0, 'purchase': 0, 'general': 0, 'acceptance': 0}（合計 0）
2026-09-08 19:12:47  [INFO]  查詢未讀 [K18251]：{'urgent': 0, 'budget': 0, 'purchase': 0, 'general': 0, 'acceptance': 0}（合計 0）
2026-09-08 19:13:48  [INFO]  查詢未讀 [K18251]：{'urgent': 0, 'budget': 0, 'purchase': 0, 'general': 0, 'acceptance': 0}（合計 0）
2026-09-08 19:14:49  [INFO]  查詢未讀 [K18251]：{'urgent': 0, 'budget': 0, 'purchase': 0, 'general': 0, 'acceptance': 0}（合計 0）
2026-09-08 19:15:50  [INFO]  查詢未讀 [K18251]：{'urgent': 0, 'budget': 0, 'purchase': 0, 'general': 0, 'acceptance': 0}（合計 0）
2026-09-08 19:16:51  [INFO]  查詢未讀 [K18251]：{'urgent': 0, 'budget': 0, 'purchase': 0, 'general': 0, 'acceptance': 0}（合計 0）
2026-09-08 19:17:52  [INFO]  查詢未讀 [K18251]：{'urgent': 0, 'budget': 0, 'purchase': 0, 'general': 0, 'acceptance': 0}（合計 0）
2026-09-08 19:18:53  [INFO]  查詢未讀 [K18251]：{'urgent': 0, 'budget': 0, 'purchase': 0, 'general': 0, 'acceptance': 0}（合計 0）
2026-09-08 19:19:54  [INFO]  查詢未讀 [K18251]：{'urgent': 0, 'budget': 0, 'purchase': 0, 'general': 0, 'acceptance': 0}（合計 0）
2026-09-08 19:20:55  [INFO]  查詢未讀 [K18251]：{'urgent': 0, 'budget': 0, 'purchase': 0, 'general': 0, 'acceptance': 0}（合計 0）
2026-09-08 19:21:56  [INFO]  查詢未讀 [K18251]：{'urgent': 0, 'budget': 0, 'purchase': 0, 'general': 0, 'acceptance': 0}（合計 0）
2026-09-08 19:22:57  [INFO]  查詢未讀 [K18251]：{'urgent': 0, 'budget': 0, 'purchase': 0, 'general': 0, 'acceptance': 0}（合計 0）
2026-09-08 19:23:58  [INFO]  查詢未讀 [K18251]：{'urgent': 0, 'budget': 0, 'purchase': 0, 'general': 0, 'acceptance': 0}（合計 0）
2026-09-08 19:24:59  [INFO]  查詢未讀 [K18251]：{'urgent': 0, 'budget': 0, 'purchase': 0, 'general': 0, 'acceptance': 0}（合計 0）
2026-09-08 19:26:00  [INFO]  查詢未讀 [K18251]：{'urgent': 0, 'budget': 0, 'purchase': 0, 'general': 0, 'acceptance': 0}（合計 0）
2026-09-08 19:27:01  [INFO]  查詢未讀 [K18251]：{'urgent': 0, 'budget': 0, 'purchase': 0, 'general': 0, 'acceptance': 0}（合計 0）
2026-09-08 19:28:02  [INFO]  查詢未讀 [K18251]：{'urgent': 0, 'budget': 0, 'purchase': 0, 'general': 0, 'acceptance': 0}（合計 0）
2026-09-08 19:29:03  [INFO]  查詢未讀 [K18251]：{'urgent': 0, 'budget': 0, 'purchase': 0, 'general': 0, 'acceptance': 0}（合計 0）
2026-09-08 19:30:04  [INFO]  查詢未讀 [K18251]：{'urgent': 0, 'budget': 0, 'purchase': 0, 'general': 0, 'acceptance': 0}（合計 0）
2026-09-08 19:31:05  [INFO]  查詢未讀 [K18251]：{'urgent': 0, 'budget': 0, 'purchase': 0, 'general': 0, 'acceptance': 0}（合計 0）
2026-09-08 19:32:06  [INFO]  查詢未讀 [K18251]：{'urgent': 0, 'budget': 0, 'purchase': 0, 'general': 0, 'acceptance': 0}（合計 0）
2026-09-08 19:32:39  [INFO]  查詢未讀 [K18251]：{'urgent': 0, 'budget': 0, 'purchase': 0, 'general': 0, 'acceptance': 0}（合計 0）
2026-09-08 19:33:22  [INFO]  查詢未讀 [K18251]：{'urgent': 0, 'budget': 0, 'purchase': 0, 'general': 0, 'acceptance': 0}（合計 0）
2026-09-08 19:34:23  [INFO]  查詢未讀 [K18251]：{'urgent': 0, 'budget': 0, 'purchase': 0, 'general': 0, 'acceptance': 0}（合計 0）
2026-09-08 19:35:24  [INFO]  查詢未讀 [K18251]：{'urgent': 0, 'budget': 0, 'purchase': 0, 'general': 0, 'acceptance': 0}（合計 0）
2026-09-08 19:36:25  [INFO]  查詢未讀 [K18251]：{'urgent': 0, 'budget': 0, 'purchase': 0, 'general': 0, 'acceptance': 0}（合計 0）
2026-09-08 19:37:26  [INFO]  查詢未讀 [K18251]：{'urgent': 0, 'budget': 0, 'purchase': 0, 'general': 0, 'acceptance': 0}（合計 0）
2026-09-08 19:38:27  [INFO]  查詢未讀 [K18251]：{'urgent': 0, 'budget': 0, 'purchase': 0, 'general': 0, 'acceptance': 0}（合計 0）
2026-09-08 19:39:28  [INFO]  查詢未讀 [K18251]：{'urgent': 0, 'budget': 0, 'purchase': 0, 'general': 0, 'acceptance': 0}（合計 0）
2026-09-08 19:40:29  [INFO]  查詢未讀 [K18251]：{'urgent': 0, 'budget': 0, 'purchase': 0, 'general': 0, 'acceptance': 0}（合計 0）
2026-09-08 19:41:30  [INFO]  查詢未讀 [K18251]：{'urgent': 0, 'budget': 0, 'purchase': 0, 'general': 0, 'acceptance': 0}（合計 0）
2026-09-08 19:42:31  [INFO]  查詢未讀 [K18251]：{'urgent': 0, 'budget': 0, 'purchase': 0, 'general': 0, 'acceptance': 0}（合計 0）
2026-09-08 19:43:32  [INFO]  查詢未讀 [K18251]：{'urgent': 0, 'budget': 0, 'purchase': 0, 'general': 0, 'acceptance': 0}（合計 0）
2026-09-08 19:44:33  [INFO]  查詢未讀 [K18251]：{'urgent': 0, 'budget': 0, 'purchase': 0, 'general': 0, 'acceptance': 0}（合計 0）
2026-09-08 19:45:34  [INFO]  查詢未讀 [K18251]：{'urgent': 0, 'budget': 0, 'purchase': 0, 'general': 0, 'acceptance': 0}（合計 0）
2026-09-08 19:46:35  [INFO]  查詢未讀 [K18251]：{'urgent': 0, 'budget': 0, 'purchase': 0, 'general': 0, 'acceptance': 0}（合計 0）
2026-09-08 19:47:36  [INFO]  查詢未讀 [K18251]：{'urgent': 0, 'budget': 0, 'general': 0, 'purchase': 0, 'acceptance': 0}（合計 0）
2026-09-08 19:48:37  [INFO]  查詢未讀 [K18251]：{'urgent': 0, 'budget': 0, 'general': 0, 'purchase': 0, 'acceptance': 0}（合計 0）
2026-09-08 19:49:38  [INFO]  查詢未讀 [K18251]：{'urgent': 0, 'budget': 0, 'general': 0, 'purchase': 0, 'acceptance': 0}（合計 0）
2026-09-08 19:50:35  [INFO]  查詢未讀 [K18251]：{'budget': 0, 'urgent': 0, 'acceptance': 0, 'general': 0, 'purchase': 0}（合計 0）
2026-09-08 19:50:38  [INFO]  查詢未讀 [K18251]：{'budget': 0, 'urgent': 0, 'acceptance': 0, 'general': 0, 'purchase': 0}（合計 0）
2026-09-08 19:51:38  [INFO]  查詢未讀 [K18251]：{'budget': 0, 'urgent': 0, 'acceptance': 0, 'general': 0, 'purchase': 0}（合計 0）
2026-09-08 19:51:44  [INFO]  查詢未讀 [K18251]：{'budget': 0, 'urgent': 0, 'acceptance': 0, 'general': 0, 'purchase': 0}（合計 0）
2026-09-08 19:52:50  [INFO]  查詢未讀 [K18251]：{'budget': 0, 'urgent': 0, 'acceptance': 0, 'general': 0, 'purchase': 0}（合計 0）
2026-09-08 19:53:23  [INFO]  查詢未讀 [K18251]：{'budget': 0, 'urgent': 0, 'acceptance': 0, 'general': 0, 'purchase': 0}（合計 0）
2026-09-08 19:54:22  [INFO]  查詢未讀 [K18251]：{'budget': 0, 'urgent': 0, 'acceptance': 0, 'general': 0, 'purchase': 0}（合計 0）
2026-09-08 20:08:45  [INFO]  查詢未讀 [K18251]：{'budget': 0, 'urgent': 0, 'acceptance': 0, 'general': 0, 'purchase': 0}（合計 0）
2026-09-08 20:09:11  [INFO]  查詢未讀 [K18251]：{'budget': 0, 'urgent': 0, 'acceptance': 0, 'general': 0, 'purchase': 0}（合計 0）
2026-09-08 20:09:27  [INFO]  查詢未讀 [K18251]：{'budget': 0, 'urgent': 0, 'acceptance': 0, 'general': 0, 'purchase': 0}（合計 0）
2026-09-08 20:10:01  [INFO]  查詢未讀 [K18251]：{'budget': 0, 'urgent': 0, 'acceptance': 0, 'general': 0, 'purchase': 0}（合計 0）
2026-09-08 20:11:01  [INFO]  查詢未讀 [K18251]：{'budget': 0, 'urgent': 0, 'acceptance': 0, 'general': 0, 'purchase': 0}（合計 0）
2026-09-08 20:12:02  [INFO]  查詢未讀 [K18251]：{'budget': 0, 'urgent': 0, 'acceptance': 0, 'general': 0, 'purchase': 0}（合計 0）
2026-09-08 20:13:02  [INFO]  查詢未讀 [K18251]：{'budget': 0, 'urgent': 0, 'acceptance': 0, 'general': 0, 'purchase': 0}（合計 0）
2026-09-08 20:14:02  [INFO]  查詢未讀 [K18251]：{'budget': 0, 'urgent': 0, 'acceptance': 0, 'general': 0, 'purchase': 0}（合計 0）
2026-09-08 20:15:02  [INFO]  查詢未讀 [K18251]：{'budget': 0, 'urgent': 0, 'acceptance': 0, 'general': 0, 'purchase': 0}（合計 0）
2026-09-08 20:16:02  [INFO]  查詢未讀 [K18251]：{'budget': 0, 'urgent': 0, 'acceptance': 0, 'general': 0, 'purchase': 0}（合計 0）
2026-09-08 20:17:02  [INFO]  查詢未讀 [K18251]：{'budget': 0, 'urgent': 0, 'acceptance': 0, 'general': 0, 'purchase': 0}（合計 0）
2026-09-08 20:18:01  [INFO]  查詢未讀 [K18251]：{'budget': 0, 'urgent': 0, 'acceptance': 0, 'general': 0, 'purchase': 0}（合計 0）
2026-09-08 20:25:10  [INFO]  查詢未讀 [K18251]：{'budget': 0, 'urgent': 0, 'acceptance': 0, 'general': 0, 'purchase': 0}（合計 0）
