2026-09-21 09:50:49.958 | INFO | 🚀 AlarmCode and AlarmMessage 伺服器啟動中...
2026-09-21 09:50:50.009 | SUCCESS | ✅ alarm_checked 表已就緒
2026-09-21 09:50:50.009 | INFO | ⏳ 正在載入 query_result.csv 到記憶體...
2026-09-21 09:50:50.436 | WARNING | ⚠️ query_result.csv 有 1234 列欄位錯位，已從 message 欄救回等級
2026-09-21 09:50:51.109 | SUCCESS | ✅ 比對字典載入完成！列數 0 → 193116 (system+code: 193116, system+括號: 56023, 跨設備 code: 112788, 跨設備括號: 12609)
2026-09-21 09:50:51.123 | INFO | 🚀 Waitress 伺服器啟動於 Port 8900...
2026-09-21 09:51:11.393 | INFO | 🔑 [Web UI] 登入：K18251
2026-09-21 09:55:51.127 | INFO | ⏳ 正在載入 query_result.csv 到記憶體...
2026-09-21 09:55:51.231 | ERROR | ❌ query_result.csv 缺少欄位 {'alarmcode', 'LV', 'system', 'message'}，保留舊字典
2026-09-21 10:00:51.237 | INFO | ⏳ 正在載入 query_result.csv 到記憶體...
2026-09-21 10:00:51.674 | WARNING | ⚠️ query_result.csv 有 1234 列欄位錯位，已從 message 欄救回等級
2026-09-21 10:00:52.437 | SUCCESS | ✅ 比對字典載入完成！列數 193116 → 205840 (system+code: 205840, system+括號: 61494, 跨設備 code: 121460, 跨設備括號: 13424)
2026-09-21 14:08:14.628 | INFO | ℹ️ [步驟 A] 收到資料：AlarmCode=UNKNOWN_CODE_999 (DB 寫入目前停用)
2026-09-21 14:08:14.629 | INFO | 🔍 [步驟 B] 比對結果: Method=Not Found, LV=None, Code=UNKNOWN_CODE_999
2026-09-21 14:08:14.629 | INFO | ℹ️ [步驟 C] 等級為 'E'，不符合顯示條件，跳過推送。
2026-09-21 14:08:14.824 | INFO | ℹ️ [步驟 A] 收到資料：AlarmCode=LIFT_4271 (DB 寫入目前停用)
2026-09-21 14:08:14.824 | INFO | 🔍 [步驟 B] 比對結果: Method=AlarmCode, LV=A, Code=LIFT_4271
2026-09-21 14:08:14.824 | INFO | 📥 [Web UI] 接收到新警報: 0f3941e5-919a-48fd-ac01-9e5c7945aeea, Level: A, Code: LIFT_4271
2026-09-21 14:08:14.824 | SUCCESS | ✅ [步驟 C] 等級 A 符合顯示條件，已推送前端 (alert_id=0f3941e5-919a-48fd-ac01-9e5c7945aeea)
2026-09-21 14:08:15.026 | INFO | ℹ️ [步驟 A] 收到資料：AlarmCode=UNKNOWN_CODE_999 (DB 寫入目前停用)
2026-09-21 14:08:15.027 | INFO | 🔍 [步驟 B] 比對結果: Method=Not Found, LV=None, Code=UNKNOWN_CODE_999
2026-09-21 14:08:15.027 | INFO | 📥 [Web UI] 接收到新警報: 6031f178-67da-4b1f-95d1-5ba5f9005f9c, Level: B, Code: UNKNOWN_CODE_999
2026-09-21 14:08:15.028 | SUCCESS | ✅ [步驟 C] 等級 B 符合顯示條件，已推送前端 (alert_id=6031f178-67da-4b1f-95d1-5ba5f9005f9c)
2026-09-21 14:08:15.224 | INFO | ℹ️ [步驟 A] 收到資料：AlarmCode=LIFT_4271 (DB 寫入目前停用)
2026-09-21 14:08:15.224 | INFO | 🔍 [步驟 B] 比對結果: Method=AlarmCode, LV=A, Code=LIFT_4271
2026-09-21 14:08:15.224 | INFO | 📥 [Web UI] 接收到新警報: 90a2b549-e28b-4946-a676-0747916911fb, Level: A, Code: LIFT_4271
2026-09-21 14:08:15.224 | SUCCESS | ✅ [步驟 C] 等級 A 符合顯示條件，已推送前端 (alert_id=90a2b549-e28b-4946-a676-0747916911fb)
2026-09-21 14:08:15.424 | INFO | ℹ️ [步驟 A] 收到資料：AlarmCode=OHT_WD7093C (DB 寫入目前停用)
2026-09-21 14:08:15.425 | INFO | 🔍 [步驟 B] 比對結果: Method=AlarmCode, LV=E, Code=OHT_WD7093C
2026-09-21 14:08:15.425 | INFO | ℹ️ [步驟 C] 等級為 'E'，不符合顯示條件，跳過推送。
2026-09-21 14:08:15.624 | INFO | ℹ️ [步驟 A] 收到資料：AlarmCode=DRYA0146 (DB 寫入目前停用)
2026-09-21 14:08:15.624 | INFO | 🔍 [步驟 B] 比對結果: Method=AlarmCode, LV=A, Code=DRYA0146
2026-09-21 14:08:15.624 | INFO | 📥 [Web UI] 接收到新警報: 63722227-b620-429a-b6d2-97809901194f, Level: A, Code: DRYA0146
2026-09-21 14:08:15.624 | SUCCESS | ✅ [步驟 C] 等級 A 符合顯示條件，已推送前端 (alert_id=63722227-b620-429a-b6d2-97809901194f)
2026-09-21 14:08:15.834 | INFO | ℹ️ [步驟 A] 收到資料：AlarmCode=LIFT_4272 (DB 寫入目前停用)
2026-09-21 14:08:15.835 | INFO | 🔍 [步驟 B] 比對結果: Method=AlarmCode, LV=A, Code=LIFT_4272
2026-09-21 14:08:15.835 | INFO | 📥 [Web UI] 接收到新警報: 7bedd0ab-a772-451e-a3e6-e9d3be0539e4, Level: A, Code: LIFT_4272
2026-09-21 14:08:15.835 | SUCCESS | ✅ [步驟 C] 等級 A 符合顯示條件，已推送前端 (alert_id=7bedd0ab-a772-451e-a3e6-e9d3be0539e4)
2026-09-21 14:08:16.034 | INFO | ℹ️ [步驟 A] 收到資料：AlarmCode=LIFT_4272 (DB 寫入目前停用)
2026-09-21 14:08:16.035 | INFO | 🔍 [步驟 B] 比對結果: Method=AlarmCode, LV=A, Code=LIFT_4272
2026-09-21 14:08:16.035 | INFO | 📥 [Web UI] 接收到新警報: 66f6f939-27c9-4921-b596-210b99ca05ed, Level: A, Code: LIFT_4272
2026-09-21 14:08:16.035 | SUCCESS | ✅ [步驟 C] 等級 A 符合顯示條件，已推送前端 (alert_id=66f6f939-27c9-4921-b596-210b99ca05ed)
2026-09-21 14:08:16.237 | INFO | ℹ️ [步驟 A] 收到資料：AlarmCode=UNKNOWN_CODE_999 (DB 寫入目前停用)
2026-09-21 14:08:16.238 | INFO | 🔍 [步驟 B] 比對結果: Method=Not Found, LV=None, Code=UNKNOWN_CODE_999
2026-09-21 14:08:16.239 | INFO | 📥 [Web UI] 接收到新警報: e8fd2df1-d6dc-43ef-92e1-e2bdfc2251ce, Level: B, Code: UNKNOWN_CODE_999
2026-09-21 14:08:16.239 | SUCCESS | ✅ [步驟 C] 等級 B 符合顯示條件，已推送前端 (alert_id=e8fd2df1-d6dc-43ef-92e1-e2bdfc2251ce)
2026-09-21 14:08:16.425 | INFO | ℹ️ [步驟 A] 收到資料：AlarmCode=29502 (DB 寫入目前停用)
2026-09-21 14:08:16.425 | INFO | 🔍 [步驟 B] 比對結果: Method=Not Found, LV=None, Code=29502
2026-09-21 14:08:16.426 | INFO | 📥 [Web UI] 接收到新警報: a0efebe4-79ad-41e9-b638-dc377ce273ec, Level: C, Code: 29502
2026-09-21 14:08:16.426 | SUCCESS | ✅ [步驟 C] 等級 C 符合顯示條件，已推送前端 (alert_id=a0efebe4-79ad-41e9-b638-dc377ce273ec)
2026-09-21 14:08:16.624 | INFO | ℹ️ [步驟 A] 收到資料：AlarmCode=LIFT_4272 (DB 寫入目前停用)
2026-09-21 14:08:16.624 | INFO | 🔍 [步驟 B] 比對結果: Method=AlarmCode, LV=A, Code=LIFT_4272
2026-09-21 14:08:16.624 | INFO | 📥 [Web UI] 接收到新警報: 06bf04df-b6d2-48ae-acff-0f0efaa0e636, Level: A, Code: LIFT_4272
2026-09-21 14:08:16.624 | SUCCESS | ✅ [步驟 C] 等級 A 符合顯示條件，已推送前端 (alert_id=06bf04df-b6d2-48ae-acff-0f0efaa0e636)
2026-09-21 14:08:16.823 | INFO | ℹ️ [步驟 A] 收到資料：AlarmCode=UNKNOWN_CODE_999 (DB 寫入目前停用)
2026-09-21 14:08:16.823 | INFO | 🔍 [步驟 B] 比對結果: Method=Not Found, LV=None, Code=UNKNOWN_CODE_999
2026-09-21 14:08:16.824 | INFO | 📥 [Web UI] 接收到新警報: cd5ffd8a-03f3-42f6-b17d-4efdcc8a2f64, Level: A, Code: UNKNOWN_CODE_999
2026-09-21 14:08:16.824 | SUCCESS | ✅ [步驟 C] 等級 A 符合顯示條件，已推送前端 (alert_id=cd5ffd8a-03f3-42f6-b17d-4efdcc8a2f64)
2026-09-21 14:08:17.034 | INFO | ℹ️ [步驟 A] 收到資料：AlarmCode=OHT_WD7093C (DB 寫入目前停用)
2026-09-21 14:08:17.035 | INFO | 🔍 [步驟 B] 比對結果: Method=System+AlarmCode, LV=E, Code=OHT_WD7093C
2026-09-21 14:08:17.035 | INFO | ℹ️ [步驟 C] 等級為 'E'，不符合顯示條件，跳過推送。
2026-09-21 14:08:17.223 | INFO | ℹ️ [步驟 A] 收到資料：AlarmCode=DRYA0146 (DB 寫入目前停用)
2026-09-21 14:08:17.223 | INFO | 🔍 [步驟 B] 比對結果: Method=AlarmCode, LV=A, Code=DRYA0146
2026-09-21 14:08:17.223 | INFO | 📥 [Web UI] 接收到新警報: 312a129c-792a-4636-b87c-1da4149a2b96, Level: A, Code: DRYA0146
2026-09-21 14:08:17.224 | SUCCESS | ✅ [步驟 C] 等級 A 符合顯示條件，已推送前端 (alert_id=312a129c-792a-4636-b87c-1da4149a2b96)
2026-09-21 14:08:17.424 | INFO | ℹ️ [步驟 A] 收到資料：AlarmCode=STRESS_NOCODE (DB 寫入目前停用)
2026-09-21 14:08:17.424 | INFO | 🔍 [步驟 B] 比對結果: Method=Not Found, LV=None, Code=STRESS_NOCODE
2026-09-21 14:08:17.424 | INFO | 📥 [Web UI] 接收到新警報: 2cfe91c3-c2ce-4bed-867b-db7d33cc905b, Level: B, Code: STRESS_NOCODE
2026-09-21 14:08:17.424 | SUCCESS | ✅ [步驟 C] 等級 B 符合顯示條件，已推送前端 (alert_id=2cfe91c3-c2ce-4bed-867b-db7d33cc905b)
2026-09-21 14:08:17.624 | INFO | ℹ️ [步驟 A] 收到資料：AlarmCode=UNKNOWN_CODE_999 (DB 寫入目前停用)
2026-09-21 14:08:17.624 | INFO | 🔍 [步驟 B] 比對結果: Method=Not Found, LV=None, Code=UNKNOWN_CODE_999
2026-09-21 14:08:17.625 | INFO | ℹ️ [步驟 C] 等級為 'E'，不符合顯示條件，跳過推送。
2026-09-21 14:08:17.823 | INFO | ℹ️ [步驟 A] 收到資料：AlarmCode=UNKNOWN_CODE_999 (DB 寫入目前停用)
2026-09-21 14:08:17.824 | INFO | 🔍 [步驟 B] 比對結果: Method=Not Found, LV=None, Code=UNKNOWN_CODE_999
2026-09-21 14:08:17.824 | INFO | 📥 [Web UI] 接收到新警報: 7f29651a-dcd4-4470-abf4-4e151ac26b6d, Level: C, Code: UNKNOWN_CODE_999
2026-09-21 14:08:17.825 | SUCCESS | ✅ [步驟 C] 等級 C 符合顯示條件，已推送前端 (alert_id=7f29651a-dcd4-4470-abf4-4e151ac26b6d)
2026-09-21 14:08:18.024 | INFO | ℹ️ [步驟 A] 收到資料：AlarmCode=UNKNOWN_CODE_999 (DB 寫入目前停用)
2026-09-21 14:08:18.024 | INFO | 🔍 [步驟 B] 比對結果: Method=Not Found, LV=None, Code=UNKNOWN_CODE_999
2026-09-21 14:08:18.026 | INFO | 📥 [Web UI] 接收到新警報: f36488b4-7f2c-44f8-9826-721aa15db1eb, Level: C, Code: UNKNOWN_CODE_999
2026-09-21 14:08:18.026 | SUCCESS | ✅ [步驟 C] 等級 C 符合顯示條件，已推送前端 (alert_id=f36488b4-7f2c-44f8-9826-721aa15db1eb)
2026-09-21 14:08:18.224 | INFO | ℹ️ [步驟 A] 收到資料：AlarmCode=29502 (DB 寫入目前停用)
2026-09-21 14:08:18.224 | INFO | 🔍 [步驟 B] 比對結果: Method=Not Found, LV=None, Code=29502
2026-09-21 14:08:18.224 | INFO | 📥 [Web UI] 接收到新警報: 20ca35c5-b1f5-4333-9fb2-46c97feeb2f0, Level: B, Code: 29502
2026-09-21 14:08:18.225 | SUCCESS | ✅ [步驟 C] 等級 B 符合顯示條件，已推送前端 (alert_id=20ca35c5-b1f5-4333-9fb2-46c97feeb2f0)
2026-09-21 14:08:18.425 | INFO | ℹ️ [步驟 A] 收到資料：AlarmCode=29502 (DB 寫入目前停用)
2026-09-21 14:08:18.425 | INFO | 🔍 [步驟 B] 比對結果: Method=Not Found, LV=None, Code=29502
2026-09-21 14:08:18.425 | INFO | ℹ️ [步驟 C] 等級為 'D'，不符合顯示條件，跳過推送。
2026-09-21 14:08:18.624 | INFO | ℹ️ [步驟 A] 收到資料：AlarmCode=LIFT_4272 (DB 寫入目前停用)
2026-09-21 14:08:18.624 | INFO | 🔍 [步驟 B] 比對結果: Method=AlarmCode, LV=A, Code=LIFT_4272
2026-09-21 14:08:18.624 | INFO | 📥 [Web UI] 接收到新警報: 693d75b6-c5d7-490b-86db-e3eb2fe05c60, Level: A, Code: LIFT_4272
2026-09-21 14:08:18.625 | SUCCESS | ✅ [步驟 C] 等級 A 符合顯示條件，已推送前端 (alert_id=693d75b6-c5d7-490b-86db-e3eb2fe05c60)
2026-09-21 14:08:18.833 | INFO | ℹ️ [步驟 A] 收到資料：AlarmCode=LIFT_4272 (DB 寫入目前停用)
2026-09-21 14:08:18.834 | INFO | 🔍 [步驟 B] 比對結果: Method=AlarmCode, LV=A, Code=LIFT_4272
2026-09-21 14:08:18.834 | INFO | 📥 [Web UI] 接收到新警報: 900f1736-cc3d-4f1c-90a9-7f70d5224fce, Level: A, Code: LIFT_4272
2026-09-21 14:08:18.834 | SUCCESS | ✅ [步驟 C] 等級 A 符合顯示條件，已推送前端 (alert_id=900f1736-cc3d-4f1c-90a9-7f70d5224fce)
2026-09-21 14:08:19.025 | INFO | ℹ️ [步驟 A] 收到資料：AlarmCode=LIFT_4271 (DB 寫入目前停用)
2026-09-21 14:08:19.025 | INFO | 🔍 [步驟 B] 比對結果: Method=AlarmCode, LV=A, Code=LIFT_4271
2026-09-21 14:08:19.025 | INFO | 📥 [Web UI] 接收到新警報: f34f9b76-979c-4de7-91ff-144101dd807c, Level: A, Code: LIFT_4271
2026-09-21 14:08:19.025 | SUCCESS | ✅ [步驟 C] 等級 A 符合顯示條件，已推送前端 (alert_id=f34f9b76-979c-4de7-91ff-144101dd807c)
2026-09-21 14:08:19.223 | INFO | ℹ️ [步驟 A] 收到資料：AlarmCode=OHT_WD7093C (DB 寫入目前停用)
2026-09-21 14:08:19.224 | INFO | 🔍 [步驟 B] 比對結果: Method=AlarmCode, LV=E, Code=OHT_WD7093C
2026-09-21 14:08:19.224 | INFO | ℹ️ [步驟 C] 等級為 'E'，不符合顯示條件，跳過推送。
2026-09-21 14:08:19.425 | INFO | ℹ️ [步驟 A] 收到資料：AlarmCode=LIFT_4272 (DB 寫入目前停用)
2026-09-21 14:08:19.425 | INFO | 🔍 [步驟 B] 比對結果: Method=AlarmCode, LV=A, Code=LIFT_4272
2026-09-21 14:08:19.425 | INFO | 📥 [Web UI] 接收到新警報: b301ecf8-8949-4676-93ee-4feef1e20216, Level: A, Code: LIFT_4272
2026-09-21 14:08:19.425 | SUCCESS | ✅ [步驟 C] 等級 A 符合顯示條件，已推送前端 (alert_id=b301ecf8-8949-4676-93ee-4feef1e20216)
2026-09-21 14:08:19.624 | INFO | ℹ️ [步驟 A] 收到資料：AlarmCode=STRESS_NOCODE (DB 寫入目前停用)
2026-09-21 14:08:19.624 | INFO | 🔍 [步驟 B] 比對結果: Method=Not Found, LV=None, Code=STRESS_NOCODE
2026-09-21 14:08:19.624 | INFO | 📥 [Web UI] 接收到新警報: d9f183ba-3d25-4d95-b7fe-9bd8e7b2cc12, Level: C, Code: STRESS_NOCODE
2026-09-21 14:08:19.624 | SUCCESS | ✅ [步驟 C] 等級 C 符合顯示條件，已推送前端 (alert_id=d9f183ba-3d25-4d95-b7fe-9bd8e7b2cc12)
2026-09-21 14:08:19.825 | INFO | ℹ️ [步驟 A] 收到資料：AlarmCode=DRYA0146 (DB 寫入目前停用)
2026-09-21 14:08:19.825 | INFO | 🔍 [步驟 B] 比對結果: Method=AlarmCode, LV=A, Code=DRYA0146
2026-09-21 14:08:19.825 | INFO | 📥 [Web UI] 接收到新警報: 12d65397-6f8f-438e-8b82-9a1adbb4f845, Level: A, Code: DRYA0146
2026-09-21 14:08:19.825 | SUCCESS | ✅ [步驟 C] 等級 A 符合顯示條件，已推送前端 (alert_id=12d65397-6f8f-438e-8b82-9a1adbb4f845)
2026-09-21 14:08:20.033 | INFO | ℹ️ [步驟 A] 收到資料：AlarmCode=LIFT_4272 (DB 寫入目前停用)
2026-09-21 14:08:20.034 | INFO | 🔍 [步驟 B] 比對結果: Method=AlarmCode, LV=A, Code=LIFT_4272
2026-09-21 14:08:20.034 | INFO | 📥 [Web UI] 接收到新警報: ebfd76ec-06c4-4333-a903-2da482c0f5d8, Level: A, Code: LIFT_4272
2026-09-21 14:08:20.034 | SUCCESS | ✅ [步驟 C] 等級 A 符合顯示條件，已推送前端 (alert_id=ebfd76ec-06c4-4333-a903-2da482c0f5d8)
2026-09-21 14:08:20.234 | INFO | ℹ️ [步驟 A] 收到資料：AlarmCode=LIFT_4271 (DB 寫入目前停用)
2026-09-21 14:08:20.235 | INFO | 🔍 [步驟 B] 比對結果: Method=AlarmCode, LV=A, Code=LIFT_4271
2026-09-21 14:08:20.235 | INFO | 📥 [Web UI] 接收到新警報: 23af640e-a80f-43ec-8b61-ad1860559c3a, Level: A, Code: LIFT_4271
2026-09-21 14:08:20.235 | SUCCESS | ✅ [步驟 C] 等級 A 符合顯示條件，已推送前端 (alert_id=23af640e-a80f-43ec-8b61-ad1860559c3a)
2026-09-21 14:08:20.424 | INFO | ℹ️ [步驟 A] 收到資料：AlarmCode=UNKNOWN_CODE_999 (DB 寫入目前停用)
2026-09-21 14:08:20.424 | INFO | 🔍 [步驟 B] 比對結果: Method=Not Found, LV=None, Code=UNKNOWN_CODE_999
2026-09-21 14:08:20.424 | INFO | 📥 [Web UI] 接收到新警報: 3ba11c0e-c7f5-45b0-94c9-7b303dc03080, Level: C, Code: UNKNOWN_CODE_999
2026-09-21 14:08:20.425 | SUCCESS | ✅ [步驟 C] 等級 C 符合顯示條件，已推送前端 (alert_id=3ba11c0e-c7f5-45b0-94c9-7b303dc03080)
2026-09-21 14:08:20.624 | INFO | ℹ️ [步驟 A] 收到資料：AlarmCode=LIFT_4272 (DB 寫入目前停用)
2026-09-21 14:08:20.624 | INFO | 🔍 [步驟 B] 比對結果: Method=AlarmCode, LV=A, Code=LIFT_4272
2026-09-21 14:08:20.624 | INFO | 📥 [Web UI] 接收到新警報: b46059e0-4fb0-401d-a2f8-15e326d26231, Level: A, Code: LIFT_4272
2026-09-21 14:08:20.625 | SUCCESS | ✅ [步驟 C] 等級 A 符合顯示條件，已推送前端 (alert_id=b46059e0-4fb0-401d-a2f8-15e326d26231)
2026-09-21 14:08:20.834 | INFO | ℹ️ [步驟 A] 收到資料：AlarmCode=LIFT_4271 (DB 寫入目前停用)
2026-09-21 14:08:20.835 | INFO | 🔍 [步驟 B] 比對結果: Method=AlarmCode, LV=A, Code=LIFT_4271
2026-09-21 14:08:20.835 | INFO | 📥 [Web UI] 接收到新警報: 115480e9-c8a7-46b5-8cad-64a91d48cfdd, Level: A, Code: LIFT_4271
2026-09-21 14:08:20.835 | SUCCESS | ✅ [步驟 C] 等級 A 符合顯示條件，已推送前端 (alert_id=115480e9-c8a7-46b5-8cad-64a91d48cfdd)
2026-09-21 14:08:21.024 | INFO | ℹ️ [步驟 A] 收到資料：AlarmCode=29502 (DB 寫入目前停用)
2026-09-21 14:08:21.024 | INFO | 🔍 [步驟 B] 比對結果: Method=Not Found, LV=None, Code=29502
2026-09-21 14:08:21.024 | INFO | 📥 [Web UI] 接收到新警報: 291fc69b-85d2-4e54-94eb-06ea51b15134, Level: C, Code: 29502
2026-09-21 14:08:21.024 | SUCCESS | ✅ [步驟 C] 等級 C 符合顯示條件，已推送前端 (alert_id=291fc69b-85d2-4e54-94eb-06ea51b15134)
2026-09-21 14:08:21.233 | INFO | ℹ️ [步驟 A] 收到資料：AlarmCode=UNKNOWN_CODE_999 (DB 寫入目前停用)
2026-09-21 14:08:21.234 | INFO | 🔍 [步驟 B] 比對結果: Method=Not Found, LV=None, Code=UNKNOWN_CODE_999
2026-09-21 14:08:21.234 | INFO | 📥 [Web UI] 接收到新警報: c213b3a0-2533-4b7a-8dbb-232c100f7bb0, Level: C, Code: UNKNOWN_CODE_999
2026-09-21 14:08:21.234 | SUCCESS | ✅ [步驟 C] 等級 C 符合顯示條件，已推送前端 (alert_id=c213b3a0-2533-4b7a-8dbb-232c100f7bb0)
2026-09-21 14:08:21.424 | INFO | ℹ️ [步驟 A] 收到資料：AlarmCode=STRESS_NOCODE (DB 寫入目前停用)
2026-09-21 14:08:21.424 | INFO | 🔍 [步驟 B] 比對結果: Method=Not Found, LV=None, Code=STRESS_NOCODE
2026-09-21 14:08:21.424 | INFO | 📥 [Web UI] 接收到新警報: 4524973a-f3ef-452a-bfc2-3b7edcddac55, Level: C, Code: STRESS_NOCODE
2026-09-21 14:08:21.424 | SUCCESS | ✅ [步驟 C] 等級 C 符合顯示條件，已推送前端 (alert_id=4524973a-f3ef-452a-bfc2-3b7edcddac55)
2026-09-21 14:08:21.624 | INFO | ℹ️ [步驟 A] 收到資料：AlarmCode=LIFT_4272 (DB 寫入目前停用)
2026-09-21 14:08:21.624 | INFO | 🔍 [步驟 B] 比對結果: Method=AlarmCode, LV=A, Code=LIFT_4272
2026-09-21 14:08:21.625 | INFO | 📥 [Web UI] 接收到新警報: 85ddd7bf-8c64-49b5-b153-57f826843fcb, Level: A, Code: LIFT_4272
2026-09-21 14:08:21.625 | SUCCESS | ✅ [步驟 C] 等級 A 符合顯示條件，已推送前端 (alert_id=85ddd7bf-8c64-49b5-b153-57f826843fcb)
2026-09-21 14:08:21.824 | INFO | ℹ️ [步驟 A] 收到資料：AlarmCode=LIFT_4271 (DB 寫入目前停用)
2026-09-21 14:08:21.824 | INFO | 🔍 [步驟 B] 比對結果: Method=AlarmCode, LV=A, Code=LIFT_4271
2026-09-21 14:08:21.824 | INFO | 📥 [Web UI] 接收到新警報: c97cc520-74c8-4d9f-b90c-a1961398465e, Level: A, Code: LIFT_4271
2026-09-21 14:08:21.824 | SUCCESS | ✅ [步驟 C] 等級 A 符合顯示條件，已推送前端 (alert_id=c97cc520-74c8-4d9f-b90c-a1961398465e)
2026-09-21 14:08:22.023 | INFO | ℹ️ [步驟 A] 收到資料：AlarmCode=UNKNOWN_CODE_999 (DB 寫入目前停用)
2026-09-21 14:08:22.023 | INFO | 🔍 [步驟 B] 比對結果: Method=Not Found, LV=None, Code=UNKNOWN_CODE_999
2026-09-21 14:08:22.023 | INFO | 📥 [Web UI] 接收到新警報: 2c08e6e8-b894-4432-805a-a9c5d2e5ffba, Level: B, Code: UNKNOWN_CODE_999
2026-09-21 14:08:22.024 | SUCCESS | ✅ [步驟 C] 等級 B 符合顯示條件，已推送前端 (alert_id=2c08e6e8-b894-4432-805a-a9c5d2e5ffba)
2026-09-21 14:08:22.224 | INFO | ℹ️ [步驟 A] 收到資料：AlarmCode=UNKNOWN_CODE_999 (DB 寫入目前停用)
2026-09-21 14:08:22.224 | INFO | 🔍 [步驟 B] 比對結果: Method=Not Found, LV=None, Code=UNKNOWN_CODE_999
2026-09-21 14:08:22.224 | INFO | ℹ️ [步驟 C] 等級為 'D'，不符合顯示條件，跳過推送。
2026-09-21 14:08:22.423 | INFO | ℹ️ [步驟 A] 收到資料：AlarmCode=LIFT_4272 (DB 寫入目前停用)
2026-09-21 14:08:22.423 | INFO | 🔍 [步驟 B] 比對結果: Method=AlarmCode, LV=A, Code=LIFT_4272
2026-09-21 14:08:22.423 | INFO | 📥 [Web UI] 接收到新警報: 8249212d-c46d-43bb-b860-e562fb427ae3, Level: A, Code: LIFT_4272
2026-09-21 14:08:22.424 | SUCCESS | ✅ [步驟 C] 等級 A 符合顯示條件，已推送前端 (alert_id=8249212d-c46d-43bb-b860-e562fb427ae3)
2026-09-21 14:08:22.624 | INFO | ℹ️ [步驟 A] 收到資料：AlarmCode=DRYA0146 (DB 寫入目前停用)
2026-09-21 14:08:22.624 | INFO | 🔍 [步驟 B] 比對結果: Method=AlarmCode, LV=A, Code=DRYA0146
2026-09-21 14:08:22.624 | INFO | 📥 [Web UI] 接收到新警報: 4669138d-7b0d-494f-a003-b042feb5114f, Level: A, Code: DRYA0146
2026-09-21 14:08:22.624 | SUCCESS | ✅ [步驟 C] 等級 A 符合顯示條件，已推送前端 (alert_id=4669138d-7b0d-494f-a003-b042feb5114f)
2026-09-21 14:08:22.835 | INFO | ℹ️ [步驟 A] 收到資料：AlarmCode=LIFT_4271 (DB 寫入目前停用)
2026-09-21 14:08:22.836 | INFO | 🔍 [步驟 B] 比對結果: Method=AlarmCode, LV=A, Code=LIFT_4271
2026-09-21 14:08:22.836 | INFO | 📥 [Web UI] 接收到新警報: 03c5ffa3-afb2-437b-ace1-1ce3fe2be722, Level: A, Code: LIFT_4271
2026-09-21 14:08:22.836 | SUCCESS | ✅ [步驟 C] 等級 A 符合顯示條件，已推送前端 (alert_id=03c5ffa3-afb2-437b-ace1-1ce3fe2be722)
2026-09-21 14:08:23.024 | INFO | ℹ️ [步驟 A] 收到資料：AlarmCode=UNKNOWN_CODE_999 (DB 寫入目前停用)
2026-09-21 14:08:23.024 | INFO | 🔍 [步驟 B] 比對結果: Method=Not Found, LV=None, Code=UNKNOWN_CODE_999
2026-09-21 14:08:23.024 | INFO | 📥 [Web UI] 接收到新警報: 3a8457d2-617d-41ed-aa7e-b45ee3414f22, Level: A, Code: UNKNOWN_CODE_999
2026-09-21 14:08:23.024 | SUCCESS | ✅ [步驟 C] 等級 A 符合顯示條件，已推送前端 (alert_id=3a8457d2-617d-41ed-aa7e-b45ee3414f22)
2026-09-21 14:08:23.224 | INFO | ℹ️ [步驟 A] 收到資料：AlarmCode=DRYA0146 (DB 寫入目前停用)
2026-09-21 14:08:23.224 | INFO | 🔍 [步驟 B] 比對結果: Method=AlarmCode, LV=A, Code=DRYA0146
2026-09-21 14:08:23.224 | INFO | 📥 [Web UI] 接收到新警報: 0c7b5392-221b-4637-9f7b-93a3fd0a8d84, Level: A, Code: DRYA0146
2026-09-21 14:08:23.224 | SUCCESS | ✅ [步驟 C] 等級 A 符合顯示條件，已推送前端 (alert_id=0c7b5392-221b-4637-9f7b-93a3fd0a8d84)
2026-09-21 14:08:23.434 | INFO | ℹ️ [步驟 A] 收到資料：AlarmCode=DRYA0146 (DB 寫入目前停用)
2026-09-21 14:08:23.435 | INFO | 🔍 [步驟 B] 比對結果: Method=AlarmCode, LV=A, Code=DRYA0146
2026-09-21 14:08:23.435 | INFO | 📥 [Web UI] 接收到新警報: 99271408-c2e9-4de2-ad51-9104019d512b, Level: A, Code: DRYA0146
2026-09-21 14:08:23.435 | SUCCESS | ✅ [步驟 C] 等級 A 符合顯示條件，已推送前端 (alert_id=99271408-c2e9-4de2-ad51-9104019d512b)
2026-09-21 14:08:23.623 | INFO | ℹ️ [步驟 A] 收到資料：AlarmCode=OHT_WD7093C (DB 寫入目前停用)
2026-09-21 14:08:23.623 | INFO | 🔍 [步驟 B] 比對結果: Method=System+AlarmCode, LV=E, Code=OHT_WD7093C
2026-09-21 14:08:23.624 | INFO | ℹ️ [步驟 C] 等級為 'E'，不符合顯示條件，跳過推送。
2026-09-21 14:08:23.824 | INFO | ℹ️ [步驟 A] 收到資料：AlarmCode=LIFT_4271 (DB 寫入目前停用)
2026-09-21 14:08:23.824 | INFO | 🔍 [步驟 B] 比對結果: Method=AlarmCode, LV=A, Code=LIFT_4271
2026-09-21 14:08:23.825 | INFO | 📥 [Web UI] 接收到新警報: 3302aa6a-e496-4bbc-8dec-9b80a9301e05, Level: A, Code: LIFT_4271
2026-09-21 14:08:23.825 | SUCCESS | ✅ [步驟 C] 等級 A 符合顯示條件，已推送前端 (alert_id=3302aa6a-e496-4bbc-8dec-9b80a9301e05)
2026-09-21 14:08:24.024 | INFO | ℹ️ [步驟 A] 收到資料：AlarmCode=OHT_WD7093C (DB 寫入目前停用)
2026-09-21 14:08:24.024 | INFO | 🔍 [步驟 B] 比對結果: Method=AlarmCode, LV=E, Code=OHT_WD7093C
2026-09-21 14:08:24.024 | INFO | ℹ️ [步驟 C] 等級為 'E'，不符合顯示條件，跳過推送。
2026-09-21 14:08:24.235 | INFO | ℹ️ [步驟 A] 收到資料：AlarmCode=OHT_WD7093C (DB 寫入目前停用)
2026-09-21 14:08:24.235 | INFO | 🔍 [步驟 B] 比對結果: Method=AlarmCode, LV=E, Code=OHT_WD7093C
2026-09-21 14:08:24.235 | INFO | ℹ️ [步驟 C] 等級為 'E'，不符合顯示條件，跳過推送。
2026-09-21 14:08:24.423 | INFO | ℹ️ [步驟 A] 收到資料：AlarmCode=STRESS_NOCODE (DB 寫入目前停用)
2026-09-21 14:08:24.423 | INFO | 🔍 [步驟 B] 比對結果: Method=Not Found, LV=None, Code=STRESS_NOCODE
2026-09-21 14:08:24.424 | INFO | 📥 [Web UI] 接收到新警報: 4710a919-ffbd-4558-9fa0-abe8b2f46e76, Level: C, Code: STRESS_NOCODE
2026-09-21 14:08:24.424 | SUCCESS | ✅ [步驟 C] 等級 C 符合顯示條件，已推送前端 (alert_id=4710a919-ffbd-4558-9fa0-abe8b2f46e76)
2026-09-21 14:08:24.626 | INFO | ℹ️ [步驟 A] 收到資料：AlarmCode=STRESS_NOCODE (DB 寫入目前停用)
2026-09-21 14:08:24.626 | INFO | 🔍 [步驟 B] 比對結果: Method=Not Found, LV=None, Code=STRESS_NOCODE
2026-09-21 14:08:24.627 | INFO | 📥 [Web UI] 接收到新警報: 673917a8-aa20-4350-a382-5dd22295b055, Level: C, Code: STRESS_NOCODE
2026-09-21 14:08:24.627 | SUCCESS | ✅ [步驟 C] 等級 C 符合顯示條件，已推送前端 (alert_id=673917a8-aa20-4350-a382-5dd22295b055)
2026-09-21 14:08:24.835 | INFO | ℹ️ [步驟 A] 收到資料：AlarmCode=LIFT_4272 (DB 寫入目前停用)
2026-09-21 14:08:24.836 | INFO | 🔍 [步驟 B] 比對結果: Method=AlarmCode, LV=A, Code=LIFT_4272
2026-09-21 14:08:24.836 | INFO | 📥 [Web UI] 接收到新警報: 6556dec8-c8b4-4fab-ba00-76ff2c957c31, Level: A, Code: LIFT_4272
2026-09-21 14:08:24.836 | SUCCESS | ✅ [步驟 C] 等級 A 符合顯示條件，已推送前端 (alert_id=6556dec8-c8b4-4fab-ba00-76ff2c957c31)
2026-09-21 14:08:25.035 | INFO | ℹ️ [步驟 A] 收到資料：AlarmCode=STRESS_NOCODE (DB 寫入目前停用)
2026-09-21 14:08:25.035 | INFO | 🔍 [步驟 B] 比對結果: Method=Not Found, LV=None, Code=STRESS_NOCODE
2026-09-21 14:08:25.036 | INFO | ℹ️ [步驟 C] 等級為 'E'，不符合顯示條件，跳過推送。
2026-09-21 14:08:25.225 | INFO | ℹ️ [步驟 A] 收到資料：AlarmCode=LIFT_4271 (DB 寫入目前停用)
2026-09-21 14:08:25.225 | INFO | 🔍 [步驟 B] 比對結果: Method=AlarmCode, LV=A, Code=LIFT_4271
2026-09-21 14:08:25.226 | INFO | 📥 [Web UI] 接收到新警報: 1820f9fe-9fdd-4c28-bf52-829fb0c17891, Level: A, Code: LIFT_4271
2026-09-21 14:08:25.226 | SUCCESS | ✅ [步驟 C] 等級 A 符合顯示條件，已推送前端 (alert_id=1820f9fe-9fdd-4c28-bf52-829fb0c17891)
2026-09-21 14:08:25.435 | INFO | ℹ️ [步驟 A] 收到資料：AlarmCode=STRESS_NOCODE (DB 寫入目前停用)
2026-09-21 14:08:25.435 | INFO | 🔍 [步驟 B] 比對結果: Method=Not Found, LV=None, Code=STRESS_NOCODE
2026-09-21 14:08:25.435 | INFO | 📥 [Web UI] 接收到新警報: 28b8eeb5-a532-4d68-b4dc-1e5b89a9debd, Level: B, Code: STRESS_NOCODE
2026-09-21 14:08:25.436 | SUCCESS | ✅ [步驟 C] 等級 B 符合顯示條件，已推送前端 (alert_id=28b8eeb5-a532-4d68-b4dc-1e5b89a9debd)
2026-09-21 14:08:25.625 | INFO | ℹ️ [步驟 A] 收到資料：AlarmCode=STRESS_NOCODE (DB 寫入目前停用)
2026-09-21 14:08:25.625 | INFO | 🔍 [步驟 B] 比對結果: Method=Not Found, LV=None, Code=STRESS_NOCODE
2026-09-21 14:08:25.626 | INFO | 📥 [Web UI] 接收到新警報: 5ae41bf9-5eaf-456d-ab04-f6087362a75f, Level: C, Code: STRESS_NOCODE
2026-09-21 14:08:25.626 | SUCCESS | ✅ [步驟 C] 等級 C 符合顯示條件，已推送前端 (alert_id=5ae41bf9-5eaf-456d-ab04-f6087362a75f)
2026-09-21 14:08:25.823 | INFO | ℹ️ [步驟 A] 收到資料：AlarmCode=STRESS_NOCODE (DB 寫入目前停用)
2026-09-21 14:08:25.824 | INFO | 🔍 [步驟 B] 比對結果: Method=Not Found, LV=None, Code=STRESS_NOCODE
2026-09-21 14:08:25.824 | INFO | 📥 [Web UI] 接收到新警報: 4ba31216-b690-4c85-84ea-b95b653ddba4, Level: B, Code: STRESS_NOCODE
2026-09-21 14:08:25.824 | SUCCESS | ✅ [步驟 C] 等級 B 符合顯示條件，已推送前端 (alert_id=4ba31216-b690-4c85-84ea-b95b653ddba4)
2026-09-21 14:08:26.023 | INFO | ℹ️ [步驟 A] 收到資料：AlarmCode=DRYA0146 (DB 寫入目前停用)
2026-09-21 14:08:26.024 | INFO | 🔍 [步驟 B] 比對結果: Method=AlarmCode, LV=A, Code=DRYA0146
2026-09-21 14:08:26.024 | INFO | 📥 [Web UI] 接收到新警報: 9f14e740-35aa-47bd-98da-ec2c226223c7, Level: A, Code: DRYA0146
2026-09-21 14:08:26.024 | SUCCESS | ✅ [步驟 C] 等級 A 符合顯示條件，已推送前端 (alert_id=9f14e740-35aa-47bd-98da-ec2c226223c7)
2026-09-21 14:08:26.223 | INFO | ℹ️ [步驟 A] 收到資料：AlarmCode=UNKNOWN_CODE_999 (DB 寫入目前停用)
2026-09-21 14:08:26.224 | INFO | 🔍 [步驟 B] 比對結果: Method=Not Found, LV=None, Code=UNKNOWN_CODE_999
2026-09-21 14:08:26.224 | INFO | 📥 [Web UI] 接收到新警報: 33363863-1aa8-4002-a250-de91e0e55ad8, Level: C, Code: UNKNOWN_CODE_999
2026-09-21 14:08:26.224 | SUCCESS | ✅ [步驟 C] 等級 C 符合顯示條件，已推送前端 (alert_id=33363863-1aa8-4002-a250-de91e0e55ad8)
2026-09-21 14:08:26.424 | INFO | ℹ️ [步驟 A] 收到資料：AlarmCode=LIFT_4271 (DB 寫入目前停用)
2026-09-21 14:08:26.424 | INFO | 🔍 [步驟 B] 比對結果: Method=AlarmCode, LV=A, Code=LIFT_4271
2026-09-21 14:08:26.424 | INFO | 📥 [Web UI] 接收到新警報: c5cc8a20-2d81-4cdc-9a1b-9b03e5b581a5, Level: A, Code: LIFT_4271
2026-09-21 14:08:26.424 | SUCCESS | ✅ [步驟 C] 等級 A 符合顯示條件，已推送前端 (alert_id=c5cc8a20-2d81-4cdc-9a1b-9b03e5b581a5)
2026-09-21 14:08:26.623 | INFO | ℹ️ [步驟 A] 收到資料：AlarmCode=OHT_WD7093C (DB 寫入目前停用)
2026-09-21 14:08:26.624 | INFO | 🔍 [步驟 B] 比對結果: Method=AlarmCode, LV=E, Code=OHT_WD7093C
2026-09-21 14:08:26.624 | INFO | ℹ️ [步驟 C] 等級為 'E'，不符合顯示條件，跳過推送。
2026-09-21 14:08:26.834 | INFO | ℹ️ [步驟 A] 收到資料：AlarmCode=LIFT_4272 (DB 寫入目前停用)
2026-09-21 14:08:26.835 | INFO | 🔍 [步驟 B] 比對結果: Method=AlarmCode, LV=A, Code=LIFT_4272
2026-09-21 14:08:26.836 | INFO | 📥 [Web UI] 接收到新警報: 91441713-26f5-4dbc-a564-4a87aeab5b69, Level: A, Code: LIFT_4272
2026-09-21 14:08:26.836 | SUCCESS | ✅ [步驟 C] 等級 A 符合顯示條件，已推送前端 (alert_id=91441713-26f5-4dbc-a564-4a87aeab5b69)
2026-09-21 14:08:27.024 | INFO | ℹ️ [步驟 A] 收到資料：AlarmCode=29502 (DB 寫入目前停用)
2026-09-21 14:08:27.024 | INFO | 🔍 [步驟 B] 比對結果: Method=Not Found, LV=None, Code=29502
2026-09-21 14:08:27.025 | INFO | 📥 [Web UI] 接收到新警報: b9a373da-d96f-4ba4-88a8-eaa7f75b4bde, Level: C, Code: 29502
2026-09-21 14:08:27.025 | SUCCESS | ✅ [步驟 C] 等級 C 符合顯示條件，已推送前端 (alert_id=b9a373da-d96f-4ba4-88a8-eaa7f75b4bde)
2026-09-21 14:08:27.224 | INFO | ℹ️ [步驟 A] 收到資料：AlarmCode=LIFT_4272 (DB 寫入目前停用)
2026-09-21 14:08:27.224 | INFO | 🔍 [步驟 B] 比對結果: Method=AlarmCode, LV=A, Code=LIFT_4272
2026-09-21 14:08:27.224 | INFO | 📥 [Web UI] 接收到新警報: bd7ac904-c155-4158-8eab-36cf14045a05, Level: A, Code: LIFT_4272
2026-09-21 14:08:27.225 | SUCCESS | ✅ [步驟 C] 等級 A 符合顯示條件，已推送前端 (alert_id=bd7ac904-c155-4158-8eab-36cf14045a05)
2026-09-21 14:08:27.425 | INFO | ℹ️ [步驟 A] 收到資料：AlarmCode=STRESS_NOCODE (DB 寫入目前停用)
2026-09-21 14:08:27.425 | INFO | 🔍 [步驟 B] 比對結果: Method=Not Found, LV=None, Code=STRESS_NOCODE
2026-09-21 14:08:27.425 | INFO | ℹ️ [步驟 C] 等級為 'E'，不符合顯示條件，跳過推送。
2026-09-21 14:08:27.624 | INFO | ℹ️ [步驟 A] 收到資料：AlarmCode=29502 (DB 寫入目前停用)
2026-09-21 14:08:27.624 | INFO | 🔍 [步驟 B] 比對結果: Method=Not Found, LV=None, Code=29502
2026-09-21 14:08:27.624 | INFO | ℹ️ [步驟 C] 等級為 'D'，不符合顯示條件，跳過推送。
2026-09-21 14:08:27.824 | INFO | ℹ️ [步驟 A] 收到資料：AlarmCode=LIFT_4271 (DB 寫入目前停用)
2026-09-21 14:08:27.824 | INFO | 🔍 [步驟 B] 比對結果: Method=AlarmCode, LV=A, Code=LIFT_4271
2026-09-21 14:08:27.824 | INFO | 📥 [Web UI] 接收到新警報: 69ea27e7-7b2a-4d00-951b-f50058c4c00b, Level: A, Code: LIFT_4271
2026-09-21 14:08:27.824 | SUCCESS | ✅ [步驟 C] 等級 A 符合顯示條件，已推送前端 (alert_id=69ea27e7-7b2a-4d00-951b-f50058c4c00b)
2026-09-21 14:08:28.024 | INFO | ℹ️ [步驟 A] 收到資料：AlarmCode=29502 (DB 寫入目前停用)
2026-09-21 14:08:28.024 | INFO | 🔍 [步驟 B] 比對結果: Method=Not Found, LV=None, Code=29502
2026-09-21 14:08:28.025 | INFO | 📥 [Web UI] 接收到新警報: 131d62d8-5bb3-4f16-8299-5faaf5efefe6, Level: B, Code: 29502
2026-09-21 14:08:28.025 | SUCCESS | ✅ [步驟 C] 等級 B 符合顯示條件，已推送前端 (alert_id=131d62d8-5bb3-4f16-8299-5faaf5efefe6)
2026-09-21 14:08:28.224 | INFO | ℹ️ [步驟 A] 收到資料：AlarmCode=STRESS_NOCODE (DB 寫入目前停用)
2026-09-21 14:08:28.224 | INFO | 🔍 [步驟 B] 比對結果: Method=Not Found, LV=None, Code=STRESS_NOCODE
2026-09-21 14:08:28.225 | INFO | 📥 [Web UI] 接收到新警報: be93f712-4885-49c6-90bf-1e3a14832ee6, Level: C, Code: STRESS_NOCODE
2026-09-21 14:08:28.225 | SUCCESS | ✅ [步驟 C] 等級 C 符合顯示條件，已推送前端 (alert_id=be93f712-4885-49c6-90bf-1e3a14832ee6)
2026-09-21 14:08:28.424 | INFO | ℹ️ [步驟 A] 收到資料：AlarmCode=STRESS_NOCODE (DB 寫入目前停用)
2026-09-21 14:08:28.424 | INFO | 🔍 [步驟 B] 比對結果: Method=Not Found, LV=None, Code=STRESS_NOCODE
2026-09-21 14:08:28.424 | INFO | 📥 [Web UI] 接收到新警報: 3b5bb43a-cedf-443e-bcc7-3e2455537995, Level: B, Code: STRESS_NOCODE
2026-09-21 14:08:28.425 | SUCCESS | ✅ [步驟 C] 等級 B 符合顯示條件，已推送前端 (alert_id=3b5bb43a-cedf-443e-bcc7-3e2455537995)
2026-09-21 14:08:28.625 | INFO | ℹ️ [步驟 A] 收到資料：AlarmCode=29502 (DB 寫入目前停用)
2026-09-21 14:08:28.625 | INFO | 🔍 [步驟 B] 比對結果: Method=Not Found, LV=None, Code=29502
2026-09-21 14:08:28.625 | INFO | 📥 [Web UI] 接收到新警報: 5de4b4d7-6d59-46ff-b92e-e8dbd45b39ca, Level: A, Code: 29502
2026-09-21 14:08:28.625 | SUCCESS | ✅ [步驟 C] 等級 A 符合顯示條件，已推送前端 (alert_id=5de4b4d7-6d59-46ff-b92e-e8dbd45b39ca)
2026-09-21 14:08:28.825 | INFO | ℹ️ [步驟 A] 收到資料：AlarmCode=STRESS_NOCODE (DB 寫入目前停用)
2026-09-21 14:08:28.825 | INFO | 🔍 [步驟 B] 比對結果: Method=Not Found, LV=None, Code=STRESS_NOCODE
2026-09-21 14:08:28.825 | INFO | ℹ️ [步驟 C] 等級為 'E'，不符合顯示條件，跳過推送。
2026-09-21 14:08:29.034 | INFO | ℹ️ [步驟 A] 收到資料：AlarmCode=UNKNOWN_CODE_999 (DB 寫入目前停用)
2026-09-21 14:08:29.035 | INFO | 🔍 [步驟 B] 比對結果: Method=Not Found, LV=None, Code=UNKNOWN_CODE_999
2026-09-21 14:08:29.035 | INFO | 📥 [Web UI] 接收到新警報: 3f892e64-2add-4dc9-80c8-24b69f6498cf, Level: B, Code: UNKNOWN_CODE_999
2026-09-21 14:08:29.035 | SUCCESS | ✅ [步驟 C] 等級 B 符合顯示條件，已推送前端 (alert_id=3f892e64-2add-4dc9-80c8-24b69f6498cf)
2026-09-21 14:08:29.224 | INFO | ℹ️ [步驟 A] 收到資料：AlarmCode=LIFT_4271 (DB 寫入目前停用)
2026-09-21 14:08:29.224 | INFO | 🔍 [步驟 B] 比對結果: Method=AlarmCode, LV=A, Code=LIFT_4271
2026-09-21 14:08:29.224 | INFO | 📥 [Web UI] 接收到新警報: 0f891b82-bdb1-4b39-8f45-d6639935cea1, Level: A, Code: LIFT_4271
2026-09-21 14:08:29.225 | SUCCESS | ✅ [步驟 C] 等級 A 符合顯示條件，已推送前端 (alert_id=0f891b82-bdb1-4b39-8f45-d6639935cea1)
2026-09-21 14:08:29.434 | INFO | ℹ️ [步驟 A] 收到資料：AlarmCode=LIFT_4272 (DB 寫入目前停用)
2026-09-21 14:08:29.434 | INFO | 🔍 [步驟 B] 比對結果: Method=AlarmCode, LV=A, Code=LIFT_4272
2026-09-21 14:08:29.435 | INFO | 📥 [Web UI] 接收到新警報: 8157667f-e5ce-4907-9b4c-acbc767c5547, Level: A, Code: LIFT_4272
2026-09-21 14:08:29.435 | SUCCESS | ✅ [步驟 C] 等級 A 符合顯示條件，已推送前端 (alert_id=8157667f-e5ce-4907-9b4c-acbc767c5547)
2026-09-21 14:08:29.635 | INFO | ℹ️ [步驟 A] 收到資料：AlarmCode=STRESS_NOCODE (DB 寫入目前停用)
2026-09-21 14:08:29.636 | INFO | 🔍 [步驟 B] 比對結果: Method=Not Found, LV=None, Code=STRESS_NOCODE
2026-09-21 14:08:29.636 | INFO | 📥 [Web UI] 接收到新警報: 806afa11-cf6e-4ace-a47a-d999e2baad8a, Level: A, Code: STRESS_NOCODE
2026-09-21 14:08:29.636 | SUCCESS | ✅ [步驟 C] 等級 A 符合顯示條件，已推送前端 (alert_id=806afa11-cf6e-4ace-a47a-d999e2baad8a)
2026-09-21 14:08:29.837 | INFO | ℹ️ [步驟 A] 收到資料：AlarmCode=DRYA0146 (DB 寫入目前停用)
2026-09-21 14:08:29.838 | INFO | 🔍 [步驟 B] 比對結果: Method=AlarmCode, LV=A, Code=DRYA0146
2026-09-21 14:08:29.838 | INFO | 📥 [Web UI] 接收到新警報: ac86bb90-f21d-4116-9b37-731fa0f5dceb, Level: A, Code: DRYA0146
2026-09-21 14:08:29.839 | SUCCESS | ✅ [步驟 C] 等級 A 符合顯示條件，已推送前端 (alert_id=ac86bb90-f21d-4116-9b37-731fa0f5dceb)
2026-09-21 14:08:30.023 | INFO | ℹ️ [步驟 A] 收到資料：AlarmCode=LIFT_4272 (DB 寫入目前停用)
2026-09-21 14:08:30.023 | INFO | 🔍 [步驟 B] 比對結果: Method=AlarmCode, LV=A, Code=LIFT_4272
2026-09-21 14:08:30.024 | INFO | 📥 [Web UI] 接收到新警報: 0e9cd5ed-a2ba-4b0f-b5de-e2b7556ff2c9, Level: A, Code: LIFT_4272
2026-09-21 14:08:30.024 | SUCCESS | ✅ [步驟 C] 等級 A 符合顯示條件，已推送前端 (alert_id=0e9cd5ed-a2ba-4b0f-b5de-e2b7556ff2c9)
2026-09-21 14:08:30.224 | INFO | ℹ️ [步驟 A] 收到資料：AlarmCode=DRYA0146 (DB 寫入目前停用)
2026-09-21 14:08:30.224 | INFO | 🔍 [步驟 B] 比對結果: Method=AlarmCode, LV=A, Code=DRYA0146
2026-09-21 14:08:30.224 | INFO | 📥 [Web UI] 接收到新警報: 794c9156-cb67-4e19-b8d8-7544734e6077, Level: A, Code: DRYA0146
2026-09-21 14:08:30.224 | SUCCESS | ✅ [步驟 C] 等級 A 符合顯示條件，已推送前端 (alert_id=794c9156-cb67-4e19-b8d8-7544734e6077)
2026-09-21 14:08:30.424 | INFO | ℹ️ [步驟 A] 收到資料：AlarmCode=OHT_WD7093C (DB 寫入目前停用)
2026-09-21 14:08:30.424 | INFO | 🔍 [步驟 B] 比對結果: Method=AlarmCode, LV=E, Code=OHT_WD7093C
2026-09-21 14:08:30.424 | INFO | ℹ️ [步驟 C] 等級為 'E'，不符合顯示條件，跳過推送。
2026-09-21 14:08:30.634 | INFO | ℹ️ [步驟 A] 收到資料：AlarmCode=LIFT_4271 (DB 寫入目前停用)
2026-09-21 14:08:30.635 | INFO | 🔍 [步驟 B] 比對結果: Method=AlarmCode, LV=A, Code=LIFT_4271
2026-09-21 14:08:30.635 | INFO | 📥 [Web UI] 接收到新警報: d85ef6a8-8c92-4cb7-a5d6-992edda5b7f7, Level: A, Code: LIFT_4271
2026-09-21 14:08:30.636 | SUCCESS | ✅ [步驟 C] 等級 A 符合顯示條件，已推送前端 (alert_id=d85ef6a8-8c92-4cb7-a5d6-992edda5b7f7)
2026-09-21 14:09:50.652 | INFO | 🗑️ [Web UI] K18251 確認警報 d85ef6a8-8c92-4cb7-a5d6-992edda5b7f7 | Code=LIFT_4271 Place=K18-6F | 選項=誤報 | 備註=
2026-09-21 14:10:03.148 | INFO | 🗑️ [Web UI] K18251 確認警報 0f891b82-bdb1-4b39-8f45-d6639935cea1 | Code=LIFT_4271 Place=K25-11F | 選項= | 備註=222
2026-09-21 14:21:15.476 | INFO | 🗑️ [Web UI] K18251 確認警報 7bedd0ab-a772-451e-a3e6-e9d3be0539e4 | Code=LIFT_4272 Place=K21-1F | 選項=誤報 | 備註=8555
2026-09-21 14:21:24.838 | INFO | 🔑 [Web UI] 登入：K18251
2026-09-21 14:21:38.798 | INFO | 🔑 [Web UI] 登入：K18251
2026-09-21 14:29:59.398 | INFO | 🔑 [Web UI] 登入：K18251
2026-09-21 14:30:05.980 | INFO | 🗑️ [Web UI] K18251 確認警報 0e9cd5ed-a2ba-4b0f-b5de-e2b7556ff2c9 | Code=LIFT_4272 Place=K22-7F | 選項=轉交維修 | 備註=4564
2026-09-21 14:30:11.572 | INFO | 🔑 [Web UI] 登入：K18251
2026-09-21 14:31:16.690 | INFO | 🔑 [Web UI] 登入：K18251
2026-09-21 14:32:03.480 | INFO | ℹ️ [步驟 A] 收到資料：AlarmCode=LIFT_4272 (DB 寫入目前停用)
2026-09-21 14:32:03.481 | INFO | 🔍 [步驟 B] 比對結果: Method=AlarmCode, LV=A, Code=LIFT_4272
2026-09-21 14:32:03.481 | INFO | 📥 [Web UI] 接收到新警報: 02ae487e-a758-4313-a1f3-cd5019fdf022, Level: A, Code: LIFT_4272
2026-09-21 14:32:03.481 | SUCCESS | ✅ [步驟 C] 等級 A 符合顯示條件，已推送前端 (alert_id=02ae487e-a758-4313-a1f3-cd5019fdf022)
2026-09-21 14:32:03.678 | INFO | ℹ️ [步驟 A] 收到資料：AlarmCode=DRYA0146 (DB 寫入目前停用)
2026-09-21 14:32:03.678 | INFO | 🔍 [步驟 B] 比對結果: Method=AlarmCode, LV=A, Code=DRYA0146
2026-09-21 14:32:03.678 | INFO | 📥 [Web UI] 接收到新警報: e97daa78-1cce-4ac6-98cb-fa66e3d73270, Level: A, Code: DRYA0146
2026-09-21 14:32:03.679 | SUCCESS | ✅ [步驟 C] 等級 A 符合顯示條件，已推送前端 (alert_id=e97daa78-1cce-4ac6-98cb-fa66e3d73270)
2026-09-21 14:32:03.888 | INFO | ℹ️ [步驟 A] 收到資料：AlarmCode=LIFT_4272 (DB 寫入目前停用)
2026-09-21 14:32:03.889 | INFO | 🔍 [步驟 B] 比對結果: Method=AlarmCode, LV=A, Code=LIFT_4272
2026-09-21 14:32:03.889 | INFO | 📥 [Web UI] 接收到新警報: b02a5ea1-0f55-4281-94e6-77e409bf9e80, Level: A, Code: LIFT_4272
2026-09-21 14:32:03.889 | SUCCESS | ✅ [步驟 C] 等級 A 符合顯示條件，已推送前端 (alert_id=b02a5ea1-0f55-4281-94e6-77e409bf9e80)
2026-09-21 14:32:04.079 | INFO | ℹ️ [步驟 A] 收到資料：AlarmCode=LIFT_4271 (DB 寫入目前停用)
2026-09-21 14:32:04.079 | INFO | 🔍 [步驟 B] 比對結果: Method=AlarmCode, LV=A, Code=LIFT_4271
2026-09-21 14:32:04.079 | INFO | 📥 [Web UI] 接收到新警報: d28c743b-f3c6-48e6-8e37-574797643331, Level: A, Code: LIFT_4271
2026-09-21 14:32:04.079 | SUCCESS | ✅ [步驟 C] 等級 A 符合顯示條件，已推送前端 (alert_id=d28c743b-f3c6-48e6-8e37-574797643331)
2026-09-21 14:32:04.279 | INFO | ℹ️ [步驟 A] 收到資料：AlarmCode=LIFT_4272 (DB 寫入目前停用)
2026-09-21 14:32:04.279 | INFO | 🔍 [步驟 B] 比對結果: Method=AlarmCode, LV=A, Code=LIFT_4272
2026-09-21 14:32:04.279 | INFO | 📥 [Web UI] 接收到新警報: 4a66c688-cb45-423c-be46-5e9052d7b40f, Level: A, Code: LIFT_4272
2026-09-21 14:32:04.279 | SUCCESS | ✅ [步驟 C] 等級 A 符合顯示條件，已推送前端 (alert_id=4a66c688-cb45-423c-be46-5e9052d7b40f)
2026-09-21 14:32:04.479 | INFO | ℹ️ [步驟 A] 收到資料：AlarmCode=UNKNOWN_CODE_999 (DB 寫入目前停用)
2026-09-21 14:32:04.479 | INFO | 🔍 [步驟 B] 比對結果: Method=Not Found, LV=None, Code=UNKNOWN_CODE_999
2026-09-21 14:32:04.480 | INFO | 📥 [Web UI] 接收到新警報: aaebac3b-dd98-4cbd-b18b-2f4a7e9d225f, Level: C, Code: UNKNOWN_CODE_999
2026-09-21 14:32:04.480 | SUCCESS | ✅ [步驟 C] 等級 C 符合顯示條件，已推送前端 (alert_id=aaebac3b-dd98-4cbd-b18b-2f4a7e9d225f)
2026-09-21 14:32:04.688 | INFO | ℹ️ [步驟 A] 收到資料：AlarmCode=LIFT_4272 (DB 寫入目前停用)
2026-09-21 14:32:04.689 | INFO | 🔍 [步驟 B] 比對結果: Method=AlarmCode, LV=A, Code=LIFT_4272
2026-09-21 14:32:04.689 | INFO | 📥 [Web UI] 接收到新警報: cd862cb7-aa35-4e51-ab50-65677cc3a31f, Level: A, Code: LIFT_4272
2026-09-21 14:32:04.689 | SUCCESS | ✅ [步驟 C] 等級 A 符合顯示條件，已推送前端 (alert_id=cd862cb7-aa35-4e51-ab50-65677cc3a31f)
2026-09-21 14:32:04.878 | INFO | ℹ️ [步驟 A] 收到資料：AlarmCode=LIFT_4271 (DB 寫入目前停用)
2026-09-21 14:32:04.878 | INFO | 🔍 [步驟 B] 比對結果: Method=AlarmCode, LV=A, Code=LIFT_4271
2026-09-21 14:32:04.878 | INFO | 📥 [Web UI] 接收到新警報: d2adbb07-6a58-4620-b330-57303b34371a, Level: A, Code: LIFT_4271
2026-09-21 14:32:04.878 | SUCCESS | ✅ [步驟 C] 等級 A 符合顯示條件，已推送前端 (alert_id=d2adbb07-6a58-4620-b330-57303b34371a)
2026-09-21 14:32:05.078 | INFO | ℹ️ [步驟 A] 收到資料：AlarmCode=OHT_WD7093C (DB 寫入目前停用)
2026-09-21 14:32:05.078 | INFO | 🔍 [步驟 B] 比對結果: Method=AlarmCode, LV=E, Code=OHT_WD7093C
2026-09-21 14:32:05.079 | INFO | ℹ️ [步驟 C] 等級為 'E'，不符合顯示條件，跳過推送。
2026-09-21 14:32:05.288 | INFO | ℹ️ [步驟 A] 收到資料：AlarmCode=LIFT_4272 (DB 寫入目前停用)
2026-09-21 14:32:05.289 | INFO | 🔍 [步驟 B] 比對結果: Method=AlarmCode, LV=A, Code=LIFT_4272
2026-09-21 14:32:05.289 | INFO | 📥 [Web UI] 接收到新警報: 65f9c0a5-7e75-4a62-9b32-cce3bfad8d07, Level: A, Code: LIFT_4272
2026-09-21 14:32:05.289 | SUCCESS | ✅ [步驟 C] 等級 A 符合顯示條件，已推送前端 (alert_id=65f9c0a5-7e75-4a62-9b32-cce3bfad8d07)
2026-09-21 14:32:05.479 | INFO | ℹ️ [步驟 A] 收到資料：AlarmCode=LIFT_4271 (DB 寫入目前停用)
2026-09-21 14:32:05.479 | INFO | 🔍 [步驟 B] 比對結果: Method=AlarmCode, LV=A, Code=LIFT_4271
2026-09-21 14:32:05.479 | INFO | 📥 [Web UI] 接收到新警報: e0405e73-05d1-486b-8f2c-689deb54d6c8, Level: A, Code: LIFT_4271
2026-09-21 14:32:05.480 | SUCCESS | ✅ [步驟 C] 等級 A 符合顯示條件，已推送前端 (alert_id=e0405e73-05d1-486b-8f2c-689deb54d6c8)
2026-09-21 14:32:05.678 | INFO | ℹ️ [步驟 A] 收到資料：AlarmCode=LIFT_4272 (DB 寫入目前停用)
2026-09-21 14:32:05.678 | INFO | 🔍 [步驟 B] 比對結果: Method=AlarmCode, LV=A, Code=LIFT_4272
2026-09-21 14:32:05.678 | INFO | 📥 [Web UI] 接收到新警報: df5e384b-4a1a-4ca3-94c5-fae1e14ffd4a, Level: A, Code: LIFT_4272
2026-09-21 14:32:05.679 | SUCCESS | ✅ [步驟 C] 等級 A 符合顯示條件，已推送前端 (alert_id=df5e384b-4a1a-4ca3-94c5-fae1e14ffd4a)
2026-09-21 14:32:05.879 | INFO | ℹ️ [步驟 A] 收到資料：AlarmCode=LIFT_4271 (DB 寫入目前停用)
2026-09-21 14:32:05.879 | INFO | 🔍 [步驟 B] 比對結果: Method=AlarmCode, LV=A, Code=LIFT_4271
2026-09-21 14:32:05.879 | INFO | 📥 [Web UI] 接收到新警報: f3e5843c-5086-4f57-92fd-2426dd49fa7d, Level: A, Code: LIFT_4271
2026-09-21 14:32:05.880 | SUCCESS | ✅ [步驟 C] 等級 A 符合顯示條件，已推送前端 (alert_id=f3e5843c-5086-4f57-92fd-2426dd49fa7d)
2026-09-21 14:32:06.078 | INFO | ℹ️ [步驟 A] 收到資料：AlarmCode=OHT_WD7093C (DB 寫入目前停用)
2026-09-21 14:32:06.078 | INFO | 🔍 [步驟 B] 比對結果: Method=AlarmCode, LV=E, Code=OHT_WD7093C
2026-09-21 14:32:06.078 | INFO | ℹ️ [步驟 C] 等級為 'E'，不符合顯示條件，跳過推送。
2026-09-21 14:32:06.278 | INFO | ℹ️ [步驟 A] 收到資料：AlarmCode=LIFT_4271 (DB 寫入目前停用)
2026-09-21 14:32:06.278 | INFO | 🔍 [步驟 B] 比對結果: Method=AlarmCode, LV=A, Code=LIFT_4271
2026-09-21 14:32:06.278 | INFO | 📥 [Web UI] 接收到新警報: 85c5c2fe-5a24-4a7a-a02a-603b3f0c1c0d, Level: A, Code: LIFT_4271
2026-09-21 14:32:06.279 | SUCCESS | ✅ [步驟 C] 等級 A 符合顯示條件，已推送前端 (alert_id=85c5c2fe-5a24-4a7a-a02a-603b3f0c1c0d)
2026-09-21 14:32:06.478 | INFO | ℹ️ [步驟 A] 收到資料：AlarmCode=STRESS_NOCODE (DB 寫入目前停用)
2026-09-21 14:32:06.478 | INFO | 🔍 [步驟 B] 比對結果: Method=Not Found, LV=None, Code=STRESS_NOCODE
2026-09-21 14:32:06.479 | INFO | 📥 [Web UI] 接收到新警報: a051e230-85a7-450d-8e7d-edbf0ec8da58, Level: C, Code: STRESS_NOCODE
2026-09-21 14:32:06.479 | SUCCESS | ✅ [步驟 C] 等級 C 符合顯示條件，已推送前端 (alert_id=a051e230-85a7-450d-8e7d-edbf0ec8da58)
2026-09-21 14:32:06.687 | INFO | ℹ️ [步驟 A] 收到資料：AlarmCode=DRYA0146 (DB 寫入目前停用)
2026-09-21 14:32:06.688 | INFO | 🔍 [步驟 B] 比對結果: Method=AlarmCode, LV=A, Code=DRYA0146
2026-09-21 14:32:06.688 | INFO | 📥 [Web UI] 接收到新警報: 3b948015-2e0b-4e46-8a9e-a6a3c7f1d379, Level: A, Code: DRYA0146
2026-09-21 14:32:06.688 | SUCCESS | ✅ [步驟 C] 等級 A 符合顯示條件，已推送前端 (alert_id=3b948015-2e0b-4e46-8a9e-a6a3c7f1d379)
2026-09-21 14:32:06.887 | INFO | ℹ️ [步驟 A] 收到資料：AlarmCode=DRYA0146 (DB 寫入目前停用)
2026-09-21 14:32:06.888 | INFO | 🔍 [步驟 B] 比對結果: Method=AlarmCode, LV=A, Code=DRYA0146
2026-09-21 14:32:06.888 | INFO | 📥 [Web UI] 接收到新警報: 800ee461-66b6-43de-8fa7-85035ec4a670, Level: A, Code: DRYA0146
2026-09-21 14:32:06.888 | SUCCESS | ✅ [步驟 C] 等級 A 符合顯示條件，已推送前端 (alert_id=800ee461-66b6-43de-8fa7-85035ec4a670)
2026-09-21 14:32:07.077 | INFO | ℹ️ [步驟 A] 收到資料：AlarmCode=LIFT_4271 (DB 寫入目前停用)
2026-09-21 14:32:07.079 | INFO | 🔍 [步驟 B] 比對結果: Method=AlarmCode, LV=A, Code=LIFT_4271
2026-09-21 14:32:07.079 | INFO | 📥 [Web UI] 接收到新警報: 5286daa4-0651-4972-8fa4-ca54d12a935b, Level: A, Code: LIFT_4271
2026-09-21 14:32:07.079 | SUCCESS | ✅ [步驟 C] 等級 A 符合顯示條件，已推送前端 (alert_id=5286daa4-0651-4972-8fa4-ca54d12a935b)
2026-09-21 14:32:07.278 | INFO | ℹ️ [步驟 A] 收到資料：AlarmCode=OHT_WD7093C (DB 寫入目前停用)
2026-09-21 14:32:07.279 | INFO | 🔍 [步驟 B] 比對結果: Method=AlarmCode, LV=E, Code=OHT_WD7093C
2026-09-21 14:32:07.279 | INFO | ℹ️ [步驟 C] 等級為 'E'，不符合顯示條件，跳過推送。
2026-09-21 14:32:07.479 | INFO | ℹ️ [步驟 A] 收到資料：AlarmCode=LIFT_4271 (DB 寫入目前停用)
2026-09-21 14:32:07.479 | INFO | 🔍 [步驟 B] 比對結果: Method=AlarmCode, LV=A, Code=LIFT_4271
2026-09-21 14:32:07.479 | INFO | 📥 [Web UI] 接收到新警報: 37655eb8-4f97-4fbb-b1fa-ef7ea5780c39, Level: A, Code: LIFT_4271
2026-09-21 14:32:07.480 | SUCCESS | ✅ [步驟 C] 等級 A 符合顯示條件，已推送前端 (alert_id=37655eb8-4f97-4fbb-b1fa-ef7ea5780c39)
2026-09-21 14:32:07.679 | INFO | ℹ️ [步驟 A] 收到資料：AlarmCode=LIFT_4272 (DB 寫入目前停用)
2026-09-21 14:32:07.680 | INFO | 🔍 [步驟 B] 比對結果: Method=AlarmCode, LV=A, Code=LIFT_4272
2026-09-21 14:32:07.680 | INFO | 📥 [Web UI] 接收到新警報: c46139dc-68df-420f-9cc9-51fbd1201a68, Level: A, Code: LIFT_4272
2026-09-21 14:32:07.681 | SUCCESS | ✅ [步驟 C] 等級 A 符合顯示條件，已推送前端 (alert_id=c46139dc-68df-420f-9cc9-51fbd1201a68)
2026-09-21 14:32:07.879 | INFO | ℹ️ [步驟 A] 收到資料：AlarmCode=LIFT_4272 (DB 寫入目前停用)
2026-09-21 14:32:07.879 | INFO | 🔍 [步驟 B] 比對結果: Method=AlarmCode, LV=A, Code=LIFT_4272
2026-09-21 14:32:07.879 | INFO | 📥 [Web UI] 接收到新警報: 1b98e095-2f20-470a-b608-64c8094e654c, Level: A, Code: LIFT_4272
2026-09-21 14:32:07.879 | SUCCESS | ✅ [步驟 C] 等級 A 符合顯示條件，已推送前端 (alert_id=1b98e095-2f20-470a-b608-64c8094e654c)
2026-09-21 14:32:08.081 | INFO | ℹ️ [步驟 A] 收到資料：AlarmCode=UNKNOWN_CODE_999 (DB 寫入目前停用)
2026-09-21 14:32:08.081 | INFO | 🔍 [步驟 B] 比對結果: Method=Not Found, LV=None, Code=UNKNOWN_CODE_999
2026-09-21 14:32:08.082 | INFO | 📥 [Web UI] 接收到新警報: 7b250621-cb13-4fa8-b4d0-2f7ebc896b4e, Level: B, Code: UNKNOWN_CODE_999
2026-09-21 14:32:08.082 | SUCCESS | ✅ [步驟 C] 等級 B 符合顯示條件，已推送前端 (alert_id=7b250621-cb13-4fa8-b4d0-2f7ebc896b4e)
2026-09-21 14:32:08.278 | INFO | ℹ️ [步驟 A] 收到資料：AlarmCode=29502 (DB 寫入目前停用)
2026-09-21 14:32:08.279 | INFO | 🔍 [步驟 B] 比對結果: Method=Not Found, LV=None, Code=29502
2026-09-21 14:32:08.279 | INFO | 📥 [Web UI] 接收到新警報: 7bea116a-38f6-4a6b-a126-3ea17e56a40d, Level: B, Code: 29502
2026-09-21 14:32:08.279 | SUCCESS | ✅ [步驟 C] 等級 B 符合顯示條件，已推送前端 (alert_id=7bea116a-38f6-4a6b-a126-3ea17e56a40d)
2026-09-21 14:32:08.490 | INFO | ℹ️ [步驟 A] 收到資料：AlarmCode=29502 (DB 寫入目前停用)
2026-09-21 14:32:08.490 | INFO | 🔍 [步驟 B] 比對結果: Method=Not Found, LV=None, Code=29502
2026-09-21 14:32:08.491 | INFO | 📥 [Web UI] 接收到新警報: d347a84d-fc17-4db4-9fe1-8a780a6a7692, Level: C, Code: 29502
2026-09-21 14:32:08.492 | SUCCESS | ✅ [步驟 C] 等級 C 符合顯示條件，已推送前端 (alert_id=d347a84d-fc17-4db4-9fe1-8a780a6a7692)
2026-09-21 14:32:08.689 | INFO | ℹ️ [步驟 A] 收到資料：AlarmCode=LIFT_4272 (DB 寫入目前停用)
2026-09-21 14:32:08.689 | INFO | 🔍 [步驟 B] 比對結果: Method=AlarmCode, LV=A, Code=LIFT_4272
2026-09-21 14:32:08.690 | INFO | 📥 [Web UI] 接收到新警報: 29c4789f-ea1a-40de-8130-fe72b1861f4f, Level: A, Code: LIFT_4272
2026-09-21 14:32:08.690 | SUCCESS | ✅ [步驟 C] 等級 A 符合顯示條件，已推送前端 (alert_id=29c4789f-ea1a-40de-8130-fe72b1861f4f)
2026-09-21 14:32:08.878 | INFO | ℹ️ [步驟 A] 收到資料：AlarmCode=DRYA0146 (DB 寫入目前停用)
2026-09-21 14:32:08.878 | INFO | 🔍 [步驟 B] 比對結果: Method=AlarmCode, LV=A, Code=DRYA0146
2026-09-21 14:32:08.878 | INFO | 📥 [Web UI] 接收到新警報: 7aa6d172-dce0-4449-bb4f-d27bca888cec, Level: A, Code: DRYA0146
2026-09-21 14:32:08.878 | SUCCESS | ✅ [步驟 C] 等級 A 符合顯示條件，已推送前端 (alert_id=7aa6d172-dce0-4449-bb4f-d27bca888cec)
2026-09-21 14:32:09.079 | INFO | ℹ️ [步驟 A] 收到資料：AlarmCode=OHT_WD7093C (DB 寫入目前停用)
2026-09-21 14:32:09.080 | INFO | 🔍 [步驟 B] 比對結果: Method=AlarmCode, LV=E, Code=OHT_WD7093C
2026-09-21 14:32:09.080 | INFO | ℹ️ [步驟 C] 等級為 'E'，不符合顯示條件，跳過推送。
2026-09-21 14:32:09.280 | INFO | ℹ️ [步驟 A] 收到資料：AlarmCode=LIFT_4271 (DB 寫入目前停用)
2026-09-21 14:32:09.281 | INFO | 🔍 [步驟 B] 比對結果: Method=AlarmCode, LV=A, Code=LIFT_4271
2026-09-21 14:32:09.281 | INFO | 📥 [Web UI] 接收到新警報: 91325ded-57ea-4ccb-bc75-0f697bcb9ed7, Level: A, Code: LIFT_4271
2026-09-21 14:32:09.282 | SUCCESS | ✅ [步驟 C] 等級 A 符合顯示條件，已推送前端 (alert_id=91325ded-57ea-4ccb-bc75-0f697bcb9ed7)
2026-09-21 14:32:09.478 | INFO | ℹ️ [步驟 A] 收到資料：AlarmCode=UNKNOWN_CODE_999 (DB 寫入目前停用)
2026-09-21 14:32:09.478 | INFO | 🔍 [步驟 B] 比對結果: Method=Not Found, LV=None, Code=UNKNOWN_CODE_999
2026-09-21 14:32:09.478 | INFO | 📥 [Web UI] 接收到新警報: 2778f4d1-9b3e-49b9-8a74-b65b76e5e38b, Level: C, Code: UNKNOWN_CODE_999
2026-09-21 14:32:09.479 | SUCCESS | ✅ [步驟 C] 等級 C 符合顯示條件，已推送前端 (alert_id=2778f4d1-9b3e-49b9-8a74-b65b76e5e38b)
2026-09-21 14:32:09.691 | INFO | ℹ️ [步驟 A] 收到資料：AlarmCode=29502 (DB 寫入目前停用)
2026-09-21 14:32:09.691 | INFO | 🔍 [步驟 B] 比對結果: Method=Not Found, LV=None, Code=29502
2026-09-21 14:32:09.692 | INFO | 📥 [Web UI] 接收到新警報: 832901bd-13de-4fd5-89b9-b0ccc4add427, Level: C, Code: 29502
2026-09-21 14:32:09.692 | SUCCESS | ✅ [步驟 C] 等級 C 符合顯示條件，已推送前端 (alert_id=832901bd-13de-4fd5-89b9-b0ccc4add427)
2026-09-21 14:32:09.878 | INFO | ℹ️ [步驟 A] 收到資料：AlarmCode=DRYA0146 (DB 寫入目前停用)
2026-09-21 14:32:09.878 | INFO | 🔍 [步驟 B] 比對結果: Method=AlarmCode, LV=A, Code=DRYA0146
2026-09-21 14:32:09.879 | INFO | 📥 [Web UI] 接收到新警報: 941b4315-3790-4112-b291-5b06c57122b8, Level: A, Code: DRYA0146
2026-09-21 14:32:09.879 | SUCCESS | ✅ [步驟 C] 等級 A 符合顯示條件，已推送前端 (alert_id=941b4315-3790-4112-b291-5b06c57122b8)
2026-09-21 14:32:10.080 | INFO | ℹ️ [步驟 A] 收到資料：AlarmCode=LIFT_4271 (DB 寫入目前停用)
2026-09-21 14:32:10.080 | INFO | 🔍 [步驟 B] 比對結果: Method=AlarmCode, LV=A, Code=LIFT_4271
2026-09-21 14:32:10.080 | INFO | 📥 [Web UI] 接收到新警報: dd6ec9a3-b164-42cf-b255-ff2c90307cd3, Level: A, Code: LIFT_4271
2026-09-21 14:32:10.081 | SUCCESS | ✅ [步驟 C] 等級 A 符合顯示條件，已推送前端 (alert_id=dd6ec9a3-b164-42cf-b255-ff2c90307cd3)
2026-09-21 14:32:10.279 | INFO | ℹ️ [步驟 A] 收到資料：AlarmCode=LIFT_4272 (DB 寫入目前停用)
2026-09-21 14:32:10.280 | INFO | 🔍 [步驟 B] 比對結果: Method=AlarmCode, LV=A, Code=LIFT_4272
2026-09-21 14:32:10.280 | INFO | 📥 [Web UI] 接收到新警報: f3a4aafc-255b-4d53-b57f-7efeb6b35f0a, Level: A, Code: LIFT_4272
2026-09-21 14:32:10.280 | SUCCESS | ✅ [步驟 C] 等級 A 符合顯示條件，已推送前端 (alert_id=f3a4aafc-255b-4d53-b57f-7efeb6b35f0a)
2026-09-21 14:32:10.480 | INFO | ℹ️ [步驟 A] 收到資料：AlarmCode=LIFT_4271 (DB 寫入目前停用)
2026-09-21 14:32:10.480 | INFO | 🔍 [步驟 B] 比對結果: Method=AlarmCode, LV=A, Code=LIFT_4271
2026-09-21 14:32:10.481 | INFO | 📥 [Web UI] 接收到新警報: 06bdbcec-b7c0-4e1e-9201-786610ddc0b9, Level: A, Code: LIFT_4271
2026-09-21 14:32:10.481 | SUCCESS | ✅ [步驟 C] 等級 A 符合顯示條件，已推送前端 (alert_id=06bdbcec-b7c0-4e1e-9201-786610ddc0b9)
2026-09-21 14:32:10.688 | INFO | ℹ️ [步驟 A] 收到資料：AlarmCode=UNKNOWN_CODE_999 (DB 寫入目前停用)
2026-09-21 14:32:10.689 | INFO | 🔍 [步驟 B] 比對結果: Method=Not Found, LV=None, Code=UNKNOWN_CODE_999
2026-09-21 14:32:10.689 | INFO | ℹ️ [步驟 C] 等級為 'E'，不符合顯示條件，跳過推送。
2026-09-21 14:32:10.878 | INFO | ℹ️ [步驟 A] 收到資料：AlarmCode=LIFT_4271 (DB 寫入目前停用)
2026-09-21 14:32:10.878 | INFO | 🔍 [步驟 B] 比對結果: Method=AlarmCode, LV=A, Code=LIFT_4271
2026-09-21 14:32:10.878 | INFO | 📥 [Web UI] 接收到新警報: 2ed60138-1f59-44c2-b60e-5b2bda0d22f8, Level: A, Code: LIFT_4271
2026-09-21 14:32:10.879 | SUCCESS | ✅ [步驟 C] 等級 A 符合顯示條件，已推送前端 (alert_id=2ed60138-1f59-44c2-b60e-5b2bda0d22f8)
2026-09-21 14:32:11.079 | INFO | ℹ️ [步驟 A] 收到資料：AlarmCode=29502 (DB 寫入目前停用)
2026-09-21 14:32:11.079 | INFO | 🔍 [步驟 B] 比對結果: Method=Not Found, LV=None, Code=29502
2026-09-21 14:32:11.079 | INFO | 📥 [Web UI] 接收到新警報: 04e75cca-942a-4b1c-9220-5fd356f85e17, Level: C, Code: 29502
2026-09-21 14:32:11.080 | SUCCESS | ✅ [步驟 C] 等級 C 符合顯示條件，已推送前端 (alert_id=04e75cca-942a-4b1c-9220-5fd356f85e17)
2026-09-21 14:32:11.279 | INFO | ℹ️ [步驟 A] 收到資料：AlarmCode=LIFT_4272 (DB 寫入目前停用)
2026-09-21 14:32:11.279 | INFO | 🔍 [步驟 B] 比對結果: Method=AlarmCode, LV=A, Code=LIFT_4272
2026-09-21 14:32:11.279 | INFO | 📥 [Web UI] 接收到新警報: 22347ef9-0bb9-4c07-b032-623ce621d25a, Level: A, Code: LIFT_4272
2026-09-21 14:32:11.280 | SUCCESS | ✅ [步驟 C] 等級 A 符合顯示條件，已推送前端 (alert_id=22347ef9-0bb9-4c07-b032-623ce621d25a)
2026-09-21 14:32:11.478 | INFO | ℹ️ [步驟 A] 收到資料：AlarmCode=DRYA0146 (DB 寫入目前停用)
2026-09-21 14:32:11.478 | INFO | 🔍 [步驟 B] 比對結果: Method=AlarmCode, LV=A, Code=DRYA0146
2026-09-21 14:32:11.478 | INFO | 📥 [Web UI] 接收到新警報: e242e0a5-2b39-404e-a389-acd80be8db14, Level: A, Code: DRYA0146
2026-09-21 14:32:11.478 | SUCCESS | ✅ [步驟 C] 等級 A 符合顯示條件，已推送前端 (alert_id=e242e0a5-2b39-404e-a389-acd80be8db14)
2026-09-21 14:32:11.678 | INFO | ℹ️ [步驟 A] 收到資料：AlarmCode=OHT_WD7093C (DB 寫入目前停用)
2026-09-21 14:32:11.678 | INFO | 🔍 [步驟 B] 比對結果: Method=AlarmCode, LV=E, Code=OHT_WD7093C
2026-09-21 14:32:11.679 | INFO | ℹ️ [步驟 C] 等級為 'E'，不符合顯示條件，跳過推送。
2026-09-21 14:32:11.878 | INFO | ℹ️ [步驟 A] 收到資料：AlarmCode=DRYA0146 (DB 寫入目前停用)
2026-09-21 14:32:11.878 | INFO | 🔍 [步驟 B] 比對結果: Method=AlarmCode, LV=A, Code=DRYA0146
2026-09-21 14:32:11.878 | INFO | 📥 [Web UI] 接收到新警報: 610a4c19-df49-4a24-941c-f2ea07d21276, Level: A, Code: DRYA0146
2026-09-21 14:32:11.879 | SUCCESS | ✅ [步驟 C] 等級 A 符合顯示條件，已推送前端 (alert_id=610a4c19-df49-4a24-941c-f2ea07d21276)
2026-09-21 14:32:12.079 | INFO | ℹ️ [步驟 A] 收到資料：AlarmCode=STRESS_NOCODE (DB 寫入目前停用)
2026-09-21 14:32:12.079 | INFO | 🔍 [步驟 B] 比對結果: Method=Not Found, LV=None, Code=STRESS_NOCODE
2026-09-21 14:32:12.079 | INFO | 📥 [Web UI] 接收到新警報: 56ff7aae-78ca-4020-8c31-f761582f0d05, Level: C, Code: STRESS_NOCODE
2026-09-21 14:32:12.080 | SUCCESS | ✅ [步驟 C] 等級 C 符合顯示條件，已推送前端 (alert_id=56ff7aae-78ca-4020-8c31-f761582f0d05)
2026-09-21 14:32:12.278 | INFO | ℹ️ [步驟 A] 收到資料：AlarmCode=LIFT_4272 (DB 寫入目前停用)
2026-09-21 14:32:12.278 | INFO | 🔍 [步驟 B] 比對結果: Method=AlarmCode, LV=A, Code=LIFT_4272
2026-09-21 14:32:12.278 | INFO | 📥 [Web UI] 接收到新警報: 16dd2863-4ea8-4d3c-9930-3e63b5a959c5, Level: A, Code: LIFT_4272
2026-09-21 14:32:12.278 | SUCCESS | ✅ [步驟 C] 等級 A 符合顯示條件，已推送前端 (alert_id=16dd2863-4ea8-4d3c-9930-3e63b5a959c5)
2026-09-21 14:32:12.478 | INFO | ℹ️ [步驟 A] 收到資料：AlarmCode=LIFT_4271 (DB 寫入目前停用)
2026-09-21 14:32:12.478 | INFO | 🔍 [步驟 B] 比對結果: Method=AlarmCode, LV=A, Code=LIFT_4271
2026-09-21 14:32:12.478 | INFO | 📥 [Web UI] 接收到新警報: 48307126-6b3b-449e-9762-e9bfa7e91e0e, Level: A, Code: LIFT_4271
2026-09-21 14:32:12.479 | SUCCESS | ✅ [步驟 C] 等級 A 符合顯示條件，已推送前端 (alert_id=48307126-6b3b-449e-9762-e9bfa7e91e0e)
2026-09-21 14:32:12.679 | INFO | ℹ️ [步驟 A] 收到資料：AlarmCode=STRESS_NOCODE (DB 寫入目前停用)
2026-09-21 14:32:12.679 | INFO | 🔍 [步驟 B] 比對結果: Method=Not Found, LV=None, Code=STRESS_NOCODE
2026-09-21 14:32:12.679 | INFO | 📥 [Web UI] 接收到新警報: 04061fbf-5700-4a78-ac7a-0f454e29d382, Level: A, Code: STRESS_NOCODE
2026-09-21 14:32:12.679 | SUCCESS | ✅ [步驟 C] 等級 A 符合顯示條件，已推送前端 (alert_id=04061fbf-5700-4a78-ac7a-0f454e29d382)
2026-09-21 14:32:12.880 | INFO | ℹ️ [步驟 A] 收到資料：AlarmCode=LIFT_4271 (DB 寫入目前停用)
2026-09-21 14:32:12.880 | INFO | 🔍 [步驟 B] 比對結果: Method=AlarmCode, LV=A, Code=LIFT_4271
2026-09-21 14:32:12.880 | INFO | 📥 [Web UI] 接收到新警報: 3ea4b7ae-654a-4576-9c9c-e2ee745233cc, Level: A, Code: LIFT_4271
2026-09-21 14:32:12.880 | SUCCESS | ✅ [步驟 C] 等級 A 符合顯示條件，已推送前端 (alert_id=3ea4b7ae-654a-4576-9c9c-e2ee745233cc)
2026-09-21 14:32:13.078 | INFO | ℹ️ [步驟 A] 收到資料：AlarmCode=LIFT_4271 (DB 寫入目前停用)
2026-09-21 14:32:13.078 | INFO | 🔍 [步驟 B] 比對結果: Method=AlarmCode, LV=A, Code=LIFT_4271
2026-09-21 14:32:13.078 | INFO | 📥 [Web UI] 接收到新警報: 97b35daf-6f2d-423a-b67f-2f17d1fd9ee3, Level: A, Code: LIFT_4271
2026-09-21 14:32:13.079 | SUCCESS | ✅ [步驟 C] 等級 A 符合顯示條件，已推送前端 (alert_id=97b35daf-6f2d-423a-b67f-2f17d1fd9ee3)
2026-09-21 14:32:13.279 | INFO | ℹ️ [步驟 A] 收到資料：AlarmCode=LIFT_4271 (DB 寫入目前停用)
2026-09-21 14:32:13.279 | INFO | 🔍 [步驟 B] 比對結果: Method=AlarmCode, LV=A, Code=LIFT_4271
2026-09-21 14:32:13.279 | INFO | 📥 [Web UI] 接收到新警報: 6cc62d85-f604-4828-b522-f6a70c0772ef, Level: A, Code: LIFT_4271
2026-09-21 14:32:13.279 | SUCCESS | ✅ [步驟 C] 等級 A 符合顯示條件，已推送前端 (alert_id=6cc62d85-f604-4828-b522-f6a70c0772ef)
2026-09-21 14:32:13.478 | INFO | ℹ️ [步驟 A] 收到資料：AlarmCode=29502 (DB 寫入目前停用)
2026-09-21 14:32:13.478 | INFO | 🔍 [步驟 B] 比對結果: Method=Not Found, LV=None, Code=29502
2026-09-21 14:32:13.478 | INFO | 📥 [Web UI] 接收到新警報: 1f2e68bf-bb79-4890-b292-07a1db33c50f, Level: C, Code: 29502
2026-09-21 14:32:13.479 | SUCCESS | ✅ [步驟 C] 等級 C 符合顯示條件，已推送前端 (alert_id=1f2e68bf-bb79-4890-b292-07a1db33c50f)
2026-09-21 14:32:13.679 | INFO | ℹ️ [步驟 A] 收到資料：AlarmCode=OHT_WD7093C (DB 寫入目前停用)
2026-09-21 14:32:13.679 | INFO | 🔍 [步驟 B] 比對結果: Method=AlarmCode, LV=E, Code=OHT_WD7093C
2026-09-21 14:32:13.680 | INFO | ℹ️ [步驟 C] 等級為 'E'，不符合顯示條件，跳過推送。
2026-09-21 14:32:13.878 | INFO | ℹ️ [步驟 A] 收到資料：AlarmCode=STRESS_NOCODE (DB 寫入目前停用)
2026-09-21 14:32:13.879 | INFO | 🔍 [步驟 B] 比對結果: Method=Not Found, LV=None, Code=STRESS_NOCODE
2026-09-21 14:32:13.879 | INFO | 📥 [Web UI] 接收到新警報: d57263fc-e140-4bba-a1aa-ea2e8ce1faaa, Level: A, Code: STRESS_NOCODE
2026-09-21 14:32:13.879 | SUCCESS | ✅ [步驟 C] 等級 A 符合顯示條件，已推送前端 (alert_id=d57263fc-e140-4bba-a1aa-ea2e8ce1faaa)
2026-09-21 14:32:14.078 | INFO | ℹ️ [步驟 A] 收到資料：AlarmCode=STRESS_NOCODE (DB 寫入目前停用)
2026-09-21 14:32:14.078 | INFO | 🔍 [步驟 B] 比對結果: Method=Not Found, LV=None, Code=STRESS_NOCODE
2026-09-21 14:32:14.078 | INFO | 📥 [Web UI] 接收到新警報: 7a1d12c9-67e8-4824-b8a9-25bf4d062aaf, Level: B, Code: STRESS_NOCODE
2026-09-21 14:32:14.078 | SUCCESS | ✅ [步驟 C] 等級 B 符合顯示條件，已推送前端 (alert_id=7a1d12c9-67e8-4824-b8a9-25bf4d062aaf)
2026-09-21 14:32:14.281 | INFO | ℹ️ [步驟 A] 收到資料：AlarmCode=OHT_WD7093C (DB 寫入目前停用)
2026-09-21 14:32:14.282 | INFO | 🔍 [步驟 B] 比對結果: Method=AlarmCode, LV=E, Code=OHT_WD7093C
2026-09-21 14:32:14.283 | INFO | ℹ️ [步驟 C] 等級為 'E'，不符合顯示條件，跳過推送。
2026-09-21 14:32:14.488 | INFO | ℹ️ [步驟 A] 收到資料：AlarmCode=STRESS_NOCODE (DB 寫入目前停用)
2026-09-21 14:32:14.489 | INFO | 🔍 [步驟 B] 比對結果: Method=Not Found, LV=None, Code=STRESS_NOCODE
2026-09-21 14:32:14.489 | INFO | ℹ️ [步驟 C] 等級為 'E'，不符合顯示條件，跳過推送。
2026-09-21 14:32:14.678 | INFO | ℹ️ [步驟 A] 收到資料：AlarmCode=29502 (DB 寫入目前停用)
2026-09-21 14:32:14.678 | INFO | 🔍 [步驟 B] 比對結果: Method=Not Found, LV=None, Code=29502
2026-09-21 14:32:14.678 | INFO | 📥 [Web UI] 接收到新警報: 10c35762-b129-4775-b94a-560e74aeacf5, Level: A, Code: 29502
2026-09-21 14:32:14.679 | SUCCESS | ✅ [步驟 C] 等級 A 符合顯示條件，已推送前端 (alert_id=10c35762-b129-4775-b94a-560e74aeacf5)
2026-09-21 14:32:14.878 | INFO | ℹ️ [步驟 A] 收到資料：AlarmCode=29502 (DB 寫入目前停用)
2026-09-21 14:32:14.879 | INFO | 🔍 [步驟 B] 比對結果: Method=Not Found, LV=None, Code=29502
2026-09-21 14:32:14.879 | INFO | 📥 [Web UI] 接收到新警報: 64b608c0-979e-42b3-bd63-756c83b7d7be, Level: A, Code: 29502
2026-09-21 14:32:14.879 | SUCCESS | ✅ [步驟 C] 等級 A 符合顯示條件，已推送前端 (alert_id=64b608c0-979e-42b3-bd63-756c83b7d7be)
2026-09-21 14:32:15.078 | INFO | ℹ️ [步驟 A] 收到資料：AlarmCode=UNKNOWN_CODE_999 (DB 寫入目前停用)
2026-09-21 14:32:15.079 | INFO | 🔍 [步驟 B] 比對結果: Method=Not Found, LV=None, Code=UNKNOWN_CODE_999
2026-09-21 14:32:15.079 | INFO | 📥 [Web UI] 接收到新警報: 1c44e7b5-cfa6-4bc0-b3e9-9712bbb5c3ae, Level: C, Code: UNKNOWN_CODE_999
2026-09-21 14:32:15.079 | SUCCESS | ✅ [步驟 C] 等級 C 符合顯示條件，已推送前端 (alert_id=1c44e7b5-cfa6-4bc0-b3e9-9712bbb5c3ae)
2026-09-21 14:32:15.279 | INFO | ℹ️ [步驟 A] 收到資料：AlarmCode=29502 (DB 寫入目前停用)
2026-09-21 14:32:15.279 | INFO | 🔍 [步驟 B] 比對結果: Method=Not Found, LV=None, Code=29502
2026-09-21 14:32:15.279 | INFO | 📥 [Web UI] 接收到新警報: 91cfc18d-c04c-4783-ba49-88d51ea541d0, Level: C, Code: 29502
2026-09-21 14:32:15.279 | SUCCESS | ✅ [步驟 C] 等級 C 符合顯示條件，已推送前端 (alert_id=91cfc18d-c04c-4783-ba49-88d51ea541d0)
2026-09-21 14:32:15.478 | INFO | ℹ️ [步驟 A] 收到資料：AlarmCode=LIFT_4272 (DB 寫入目前停用)
2026-09-21 14:32:15.478 | INFO | 🔍 [步驟 B] 比對結果: Method=AlarmCode, LV=A, Code=LIFT_4272
2026-09-21 14:32:15.478 | INFO | 📥 [Web UI] 接收到新警報: 8ab89e90-9852-4fa1-b921-b7c7d50e97c8, Level: A, Code: LIFT_4272
2026-09-21 14:32:15.478 | SUCCESS | ✅ [步驟 C] 等級 A 符合顯示條件，已推送前端 (alert_id=8ab89e90-9852-4fa1-b921-b7c7d50e97c8)
2026-09-21 14:32:15.680 | INFO | ℹ️ [步驟 A] 收到資料：AlarmCode=LIFT_4272 (DB 寫入目前停用)
2026-09-21 14:32:15.680 | INFO | 🔍 [步驟 B] 比對結果: Method=AlarmCode, LV=A, Code=LIFT_4272
2026-09-21 14:32:15.681 | INFO | 📥 [Web UI] 接收到新警報: 5b18a3c7-df93-4558-bceb-9366e978dd3e, Level: A, Code: LIFT_4272
2026-09-21 14:32:15.681 | SUCCESS | ✅ [步驟 C] 等級 A 符合顯示條件，已推送前端 (alert_id=5b18a3c7-df93-4558-bceb-9366e978dd3e)
2026-09-21 14:32:15.880 | INFO | ℹ️ [步驟 A] 收到資料：AlarmCode=LIFT_4271 (DB 寫入目前停用)
2026-09-21 14:32:15.880 | INFO | 🔍 [步驟 B] 比對結果: Method=AlarmCode, LV=A, Code=LIFT_4271
2026-09-21 14:32:15.881 | INFO | 📥 [Web UI] 接收到新警報: 45b34b54-d122-446d-87cd-d906ee354d4a, Level: A, Code: LIFT_4271
2026-09-21 14:32:15.881 | SUCCESS | ✅ [步驟 C] 等級 A 符合顯示條件，已推送前端 (alert_id=45b34b54-d122-446d-87cd-d906ee354d4a)
2026-09-21 14:32:16.079 | INFO | ℹ️ [步驟 A] 收到資料：AlarmCode=STRESS_NOCODE (DB 寫入目前停用)
2026-09-21 14:32:16.080 | INFO | 🔍 [步驟 B] 比對結果: Method=Not Found, LV=None, Code=STRESS_NOCODE
2026-09-21 14:32:16.080 | INFO | 📥 [Web UI] 接收到新警報: 979cf849-d21c-4579-8e93-3b6d0753c9fb, Level: A, Code: STRESS_NOCODE
2026-09-21 14:32:16.080 | SUCCESS | ✅ [步驟 C] 等級 A 符合顯示條件，已推送前端 (alert_id=979cf849-d21c-4579-8e93-3b6d0753c9fb)
2026-09-21 14:32:16.279 | INFO | ℹ️ [步驟 A] 收到資料：AlarmCode=OHT_WD7093C (DB 寫入目前停用)
2026-09-21 14:32:16.280 | INFO | 🔍 [步驟 B] 比對結果: Method=AlarmCode, LV=E, Code=OHT_WD7093C
2026-09-21 14:32:16.280 | INFO | ℹ️ [步驟 C] 等級為 'E'，不符合顯示條件，跳過推送。
2026-09-21 14:32:16.479 | INFO | ℹ️ [步驟 A] 收到資料：AlarmCode=UNKNOWN_CODE_999 (DB 寫入目前停用)
2026-09-21 14:32:16.480 | INFO | 🔍 [步驟 B] 比對結果: Method=Not Found, LV=None, Code=UNKNOWN_CODE_999
2026-09-21 14:32:16.480 | INFO | 📥 [Web UI] 接收到新警報: 30cde10d-427d-4b7b-9793-bb6a4db2893e, Level: C, Code: UNKNOWN_CODE_999
2026-09-21 14:32:16.480 | SUCCESS | ✅ [步驟 C] 等級 C 符合顯示條件，已推送前端 (alert_id=30cde10d-427d-4b7b-9793-bb6a4db2893e)
2026-09-21 14:32:16.678 | INFO | ℹ️ [步驟 A] 收到資料：AlarmCode=LIFT_4272 (DB 寫入目前停用)
2026-09-21 14:32:16.678 | INFO | 🔍 [步驟 B] 比對結果: Method=AlarmCode, LV=A, Code=LIFT_4272
2026-09-21 14:32:16.678 | INFO | 📥 [Web UI] 接收到新警報: 47227b9e-2019-4468-a1a9-068760690b1d, Level: A, Code: LIFT_4272
2026-09-21 14:32:16.678 | SUCCESS | ✅ [步驟 C] 等級 A 符合顯示條件，已推送前端 (alert_id=47227b9e-2019-4468-a1a9-068760690b1d)
2026-09-21 14:32:16.879 | INFO | ℹ️ [步驟 A] 收到資料：AlarmCode=LIFT_4272 (DB 寫入目前停用)
2026-09-21 14:32:16.879 | INFO | 🔍 [步驟 B] 比對結果: Method=AlarmCode, LV=A, Code=LIFT_4272
2026-09-21 14:32:16.879 | INFO | 📥 [Web UI] 接收到新警報: bfd164a7-17c4-4cbe-a283-e426fd5457bf, Level: A, Code: LIFT_4272
2026-09-21 14:32:16.880 | SUCCESS | ✅ [步驟 C] 等級 A 符合顯示條件，已推送前端 (alert_id=bfd164a7-17c4-4cbe-a283-e426fd5457bf)
2026-09-21 15:26:58.754 | INFO | 🗑️ [Web UI] K18251 確認警報 979cf849-d21c-4579-8e93-3b6d0753c9fb | Code=STRESS_NOCODE Place=K18-7F | 選項=已處理 | 備註=
2026-09-21 21:21:26.662 | INFO | 🚀 AlarmCode and AlarmMessage 伺服器啟動中...
2026-09-21 21:21:36.740 | ERROR | ❌ 建立 alarm_checked 失敗 (不影響警報接收，但 CHECK 紀錄無法寫入 DB): (pymysql.err.OperationalError) (2003, "Can't connect to MySQL server on '10.11.104.247' (timed out)")
(Background on this error at: https://sqlalche.me/e/20/e3q8)
2026-09-21 21:21:36.741 | INFO | ⏳ 正在載入 query_result.csv 到記憶體...
2026-09-21 21:21:37.520 | WARNING | ⚠️ query_result.csv 有 1234 列欄位錯位，已從 message 欄救回等級
2026-09-21 21:21:38.769 | SUCCESS | ✅ 比對字典載入完成！列數 0 → 205840 (system+code: 205840, system+括號: 61494, 跨設備 code: 121460, 跨設備括號: 13424)
2026-09-21 21:21:38.790 | INFO | 🚀 Waitress 伺服器啟動於 Port 8900...
2026-09-21 21:21:39.048 | INFO | 🔑 [Web UI] 登入：K18251
2026-09-21 21:23:46.224 | INFO | ℹ️ [步驟 A] 收到資料：AlarmCode=RB1129 (DB 寫入目前停用)
2026-09-21 21:23:46.225 | INFO | 🔍 [步驟 B] 比對結果: Method=System+AlarmCode, LV=A, Code=RB1129
2026-09-21 21:23:46.225 | INFO | 📥 [Web UI] 接收到新警報: c63b045e-7d74-4436-8179-599486c37570, Level: A, Code: RB1129
2026-09-21 21:23:46.225 | SUCCESS | ✅ [步驟 C] 等級 A 符合顯示條件，已推送前端 (alert_id=c63b045e-7d74-4436-8179-599486c37570)
2026-09-21 21:23:48.278 | INFO | ℹ️ [步驟 A] 收到資料：AlarmCode=RB1191 (DB 寫入目前停用)
2026-09-21 21:23:48.279 | INFO | 🔍 [步驟 B] 比對結果: Method=System+AlarmCode, LV=B, Code=RB1191
2026-09-21 21:23:48.279 | INFO | 📥 [Web UI] 接收到新警報: 2071534f-a842-4e89-9e68-9e1515334c66, Level: B, Code: RB1191
2026-09-21 21:23:48.279 | SUCCESS | ✅ [步驟 C] 等級 B 符合顯示條件，已推送前端 (alert_id=2071534f-a842-4e89-9e68-9e1515334c66)
2026-09-21 21:23:50.335 | INFO | ℹ️ [步驟 A] 收到資料：AlarmCode=RB1147 (DB 寫入目前停用)
2026-09-21 21:23:50.335 | INFO | 🔍 [步驟 B] 比對結果: Method=System+AlarmCode, LV=C, Code=RB1147
2026-09-21 21:23:50.336 | INFO | 📥 [Web UI] 接收到新警報: dcf9ffb0-f982-4bd2-af2f-42e25cc86ddc, Level: C, Code: RB1147
2026-09-21 21:23:50.336 | SUCCESS | ✅ [步驟 C] 等級 C 符合顯示條件，已推送前端 (alert_id=dcf9ffb0-f982-4bd2-af2f-42e25cc86ddc)
2026-09-21 21:26:45.527 | INFO | 🗑️ [Web UI] K18251 確認警報 c63b045e-7d74-4436-8179-599486c37570 | Code=RB1129 Place=K21-8F-3390 | 選項=調整 | 備註=55
2026-09-21 21:26:55.583 | ERROR | ❌ 寫入 alarm_checked 失敗，已備份到 機固上拋\Logs\checked_failed.jsonl: (pymysql.err.OperationalError) (2003, "Can't connect to MySQL server on '10.11.104.247' (timed out)")
(Background on this error at: https://sqlalche.me/e/20/e3q8)
2026-09-21 21:33:52.205 | INFO | 🚀 AlarmCode and AlarmMessage 伺服器啟動中...
2026-09-21 21:34:02.250 | ERROR | ❌ 建立 alarm_checked 失敗 (不影響警報接收，但 CHECK 紀錄無法寫入 DB): (pymysql.err.OperationalError) (2003, "Can't connect to MySQL server on '10.11.104.247' (timed out)")
(Background on this error at: https://sqlalche.me/e/20/e3q8)
2026-09-21 21:34:02.252 | INFO | ⏳ 正在載入 query_result.csv 到記憶體...
2026-09-21 21:34:02.932 | WARNING | ⚠️ query_result.csv 有 1234 列欄位錯位，已從 message 欄救回等級
2026-09-21 21:34:04.032 | SUCCESS | ✅ 比對字典載入完成！列數 0 → 205840 (system+code: 205840, system+括號: 61494, 跨設備 code: 121460, 跨設備括號: 13424)
2026-09-21 21:34:04.058 | INFO | 🚀 Waitress 伺服器啟動於 Port 8900...
2026-09-21 21:34:12.627 | INFO | ℹ️ [步驟 A] 收到資料：AlarmCode=RB1129 (DB 寫入目前停用)
2026-09-21 21:34:12.628 | INFO | 🔍 [步驟 B] 比對結果: Method=System+AlarmCode, LV=A, Code=RB1129
2026-09-21 21:34:12.628 | INFO | 📥 [Web UI] 接收到新警報: a9a539e3-436b-44b8-815f-76fffa228ba2, Level: A, Code: RB1129
2026-09-21 21:34:12.628 | SUCCESS | ✅ [步驟 C] 等級 A 符合顯示條件，已推送前端 (alert_id=a9a539e3-436b-44b8-815f-76fffa228ba2)
2026-09-21 21:34:14.711 | INFO | ℹ️ [步驟 A] 收到資料：AlarmCode=RB1191 (DB 寫入目前停用)
2026-09-21 21:34:14.711 | INFO | 🔍 [步驟 B] 比對結果: Method=System+AlarmCode, LV=B, Code=RB1191
2026-09-21 21:34:14.712 | INFO | 📥 [Web UI] 接收到新警報: 20731b9f-1388-4f09-9d87-14ed9113ec33, Level: B, Code: RB1191
2026-09-21 21:34:14.712 | SUCCESS | ✅ [步驟 C] 等級 B 符合顯示條件，已推送前端 (alert_id=20731b9f-1388-4f09-9d87-14ed9113ec33)
2026-09-21 21:34:16.747 | INFO | ℹ️ [步驟 A] 收到資料：AlarmCode=RB1147 (DB 寫入目前停用)
2026-09-21 21:34:16.747 | INFO | 🔍 [步驟 B] 比對結果: Method=System+AlarmCode, LV=C, Code=RB1147
2026-09-21 21:34:16.747 | INFO | 📥 [Web UI] 接收到新警報: b75f154d-d692-4e3d-9ea4-a27d2237edd9, Level: C, Code: RB1147
2026-09-21 21:34:16.748 | SUCCESS | ✅ [步驟 C] 等級 C 符合顯示條件，已推送前端 (alert_id=b75f154d-d692-4e3d-9ea4-a27d2237edd9)
2026-09-21 21:46:06.821 | INFO | 🚀 AlarmCode and AlarmMessage 伺服器啟動中...
2026-09-21 21:46:16.868 | ERROR | ❌ 建立 alarm_checked 失敗 (不影響警報接收，但 CHECK 紀錄無法寫入 DB): (pymysql.err.OperationalError) (2003, "Can't connect to MySQL server on '10.11.104.247' (timed out)")
(Background on this error at: https://sqlalche.me/e/20/e3q8)
2026-09-21 21:46:16.869 | INFO | ⏳ 正在載入 query_result.csv 到記憶體...
2026-09-21 21:46:17.520 | WARNING | ⚠️ query_result.csv 有 1234 列欄位錯位，已從 message 欄救回等級
2026-09-21 21:46:18.711 | SUCCESS | ✅ 比對字典載入完成！列數 0 → 205840 (system+code: 205840, system+括號: 61494, 跨設備 code: 121460, 跨設備括號: 13424)
2026-09-21 21:46:18.733 | INFO | 🚀 Waitress 伺服器啟動於 Port 8900...
2026-09-21 21:46:19.708 | INFO | ℹ️ [步驟 A] 收到資料：AlarmCode=RB1129 (DB 寫入目前停用)
2026-09-21 21:46:19.709 | INFO | 🔍 [步驟 B] 比對結果: Method=System+AlarmCode, LV=A, Code=RB1129
2026-09-21 21:46:19.710 | INFO | 📥 [Web UI] 接收到新警報: f1d7a13b-ebd0-4b16-b823-f3a9fc3929dd, Level: A, Code: RB1129
2026-09-21 21:46:19.710 | SUCCESS | ✅ [步驟 C] 等級 A 符合顯示條件，已推送前端 (alert_id=f1d7a13b-ebd0-4b16-b823-f3a9fc3929dd)
2026-09-21 21:46:21.808 | INFO | ℹ️ [步驟 A] 收到資料：AlarmCode=RB1191 (DB 寫入目前停用)
2026-09-21 21:46:21.809 | INFO | 🔍 [步驟 B] 比對結果: Method=System+AlarmCode, LV=B, Code=RB1191
2026-09-21 21:46:21.809 | INFO | 📥 [Web UI] 接收到新警報: 0e917cc0-60de-4b2e-a634-8acf3e58cdc8, Level: B, Code: RB1191
2026-09-21 21:46:21.809 | SUCCESS | ✅ [步驟 C] 等級 B 符合顯示條件，已推送前端 (alert_id=0e917cc0-60de-4b2e-a634-8acf3e58cdc8)
2026-09-21 21:46:23.877 | INFO | ℹ️ [步驟 A] 收到資料：AlarmCode=RB1147 (DB 寫入目前停用)
2026-09-21 21:46:23.877 | INFO | 🔍 [步驟 B] 比對結果: Method=System+AlarmCode, LV=C, Code=RB1147
2026-09-21 21:46:23.878 | INFO | 📥 [Web UI] 接收到新警報: 301d59fa-9382-4ae9-9665-645ee4289499, Level: C, Code: RB1147
2026-09-21 21:46:23.878 | SUCCESS | ✅ [步驟 C] 等級 C 符合顯示條件，已推送前端 (alert_id=301d59fa-9382-4ae9-9665-645ee4289499)
2026-09-21 21:46:33.067 | INFO | 🔑 [Web UI] 登入：F2568
2026-09-21 21:46:55.897 | INFO | 🗑️ [Web UI] F2568 確認警報 f1d7a13b-ebd0-4b16-b823-f3a9fc3929dd | Code=RB1129 Place=K21-8F-3390 | 選項=已處理 | 備註=44
2026-09-21 21:47:05.918 | ERROR | ❌ 寫入 alarm_checked 失敗，已備份到 機固上拋\Logs\checked_failed.jsonl: (pymysql.err.OperationalError) (2003, "Can't connect to MySQL server on '10.11.104.247' (timed out)")
(Background on this error at: https://sqlalche.me/e/20/e3q8)
