2026-08-02 20:56:24 INFO [app]: 🔄 Log 系統已啟動（設定檔：C:\Users\User\Desktop\預計請購_20220530-w03上版\config.ini，輪轉週期：7 天，保留 52 份）
2026-08-02 20:56:25 INFO [app]: 🔄 Log 系統已啟動（設定檔：C:\Users\User\Desktop\預計請購_20220530-w03上版\config.ini，輪轉週期：7 天，保留 52 份）
2026-08-02 20:57:10 INFO [app]: ✅ 已儲存 uploads\6100893173.csv (2 筆資料)
2026-08-02 20:57:11 INFO [app]: 總資料筆數: 931, 有效資料(狀態=V): 801
2026-08-02 20:57:11 INFO [app]: 
================================================================================
2026-08-02 20:57:11 INFO [app]: 第一輪掃描：檢測分批和合併問題
2026-08-02 20:57:11 INFO [app]: ================================================================================
2026-08-02 20:57:11 INFO [app]: 
📊 第一輪掃描結果:
2026-08-02 20:57:11 INFO [app]:    分批問題 PO: 0 個 - []
2026-08-02 20:57:11 INFO [app]:    合併問題 PO: 0 個 - []
2026-08-02 20:57:11 INFO [app]: ================================================================================

2026-08-02 20:57:11 INFO [app]: 
================================================================================
2026-08-02 20:57:11 INFO [app]: 第二輪處理：正常比對（排除有問題的 PO）
2026-08-02 20:57:11 INFO [app]: ================================================================================
2026-08-02 20:57:11 INFO [app]: 處理 PO 6100893173 的 Item 0010
2026-08-02 20:57:11 INFO [app]:   找到 Buyer Item 0010, 品名: CIM 2020901CF0L01 抗靜電墊塊
2026-08-02 20:57:11 INFO [app]:   ✅ 完全相同
2026-08-02 20:57:11 INFO [app]: 處理 PO 6100893173 的 Item 0020
2026-08-02 20:57:11 INFO [app]:   找到 Buyer Item 0020, 品名: CIM 2020901CF0M01 抗靜電墊塊
2026-08-02 20:57:11 INFO [app]:   ✅ 完全相同
2026-08-02 20:57:11 INFO [app]: 📊 PO 6100893173 統計: 相同=2, 衝突=0
2026-08-02 20:57:11 INFO [app]: ================================================================================

2026-08-02 20:57:11 INFO [app]: 
✅ 總共處理 1 個 PO
2026-08-02 20:58:08 INFO [app]: 總資料筆數: 931, 有效資料(狀態=V): 801
2026-08-02 20:58:08 INFO [app]: 
================================================================================
2026-08-02 20:58:08 INFO [app]: 開始處理資料比對 (Version 31 - 品名優先)
2026-08-02 20:58:08 INFO [app]: ================================================================================
2026-08-02 20:58:08 INFO [app]: 
[第 1 筆]
2026-08-02 20:58:08 INFO [app]:   新資料 => PO: 6100893173, Item: 0010
2026-08-02 20:58:08 INFO [app]:   品名: CIM 2020901CF0L01 抗靜電墊塊
2026-08-02 20:58:08 INFO [app]:      在 PO 6100893173 找到 2 筆資料
2026-08-02 20:58:08 INFO [app]:      品名相似度排名：
2026-08-02 20:58:08 INFO [app]:        1. Item 0010: 100.0% [Item相同] - CIM 2020901CF0L01 抗靜電墊塊...
2026-08-02 20:58:08 INFO [app]:        2. Item 0020: 95.7% - CIM 2020901CF0M01 抗靜電墊塊...
2026-08-02 20:58:08 INFO [app]:   ✅ 品名完全相同且 Item 相同（相似度 100.0%） => 直接更新
2026-08-02 20:58:08 INFO [app]: 
[第 2 筆]
2026-08-02 20:58:08 INFO [app]:   新資料 => PO: 6100893173, Item: 0020
2026-08-02 20:58:08 INFO [app]:   品名: CIM 2020901CF0M01 抗靜電墊塊
2026-08-02 20:58:08 INFO [app]:      在 PO 6100893173 找到 2 筆資料
2026-08-02 20:58:08 INFO [app]:      品名相似度排名：
2026-08-02 20:58:08 INFO [app]:        1. Item 0020: 100.0% [Item相同] - CIM 2020901CF0M01 抗靜電墊塊...
2026-08-02 20:58:08 INFO [app]:        2. Item 0010: 95.7% - CIM 2020901CF0L01 抗靜電墊塊...
2026-08-02 20:58:08 INFO [app]:   ✅ 品名完全相同且 Item 相同（相似度 100.0%） => 直接更新
2026-08-02 20:58:08 INFO [app]: 
================================================================================
2026-08-02 20:58:08 INFO [app]: 比對結果摘要 (Version 31 - 品名優先)
2026-08-02 20:58:08 INFO [app]: ================================================================================
2026-08-02 20:58:08 INFO [app]: 總處理筆數: 2
2026-08-02 20:58:08 INFO [app]: 更新筆數: 2
2026-08-02 20:58:08 INFO [app]: 新增筆數: 0
2026-08-02 20:58:08 INFO [app]: 失敗筆數: 0
2026-08-02 20:58:08 INFO [app]: 待確認筆數: 0
2026-08-02 20:58:08 INFO [app]: 自動更新筆數: 2
2026-08-02 20:58:08 INFO [app]: 
詳細比對結果:
2026-08-02 20:58:08 INFO [app]: --------------------------------------------------------------------------------
2026-08-02 20:58:08 INFO [app]: 筆數    PO No.          Item       比對方式                 處理       備註
2026-08-02 20:58:08 INFO [app]: --------------------------------------------------------------------------------
2026-08-02 20:58:08 INFO [app]: 1     6100893173      0010       品名完全相同+Item相同        已更新      
2026-08-02 20:58:08 INFO [app]: 2     6100893173      0020       品名完全相同+Item相同        已更新      
2026-08-02 20:58:08 INFO [app]: ================================================================================

2026-08-02 20:59:17 INFO [app]: ✅ 已儲存 uploads\6100893173.csv (2 筆資料)
2026-08-02 20:59:17 INFO [app]: 總資料筆數: 931, 有效資料(狀態=V): 801
2026-08-02 20:59:17 INFO [app]: 
================================================================================
2026-08-02 20:59:17 INFO [app]: 第一輪掃描：檢測分批和合併問題
2026-08-02 20:59:17 INFO [app]: ================================================================================
2026-08-02 20:59:17 INFO [app]: 
📊 第一輪掃描結果:
2026-08-02 20:59:17 INFO [app]:    分批問題 PO: 0 個 - []
2026-08-02 20:59:17 INFO [app]:    合併問題 PO: 0 個 - []
2026-08-02 20:59:17 INFO [app]: ================================================================================

2026-08-02 20:59:17 INFO [app]: 
================================================================================
2026-08-02 20:59:17 INFO [app]: 第二輪處理：正常比對（排除有問題的 PO）
2026-08-02 20:59:17 INFO [app]: ================================================================================
2026-08-02 20:59:17 INFO [app]: 處理 PO 6100893173 的 Item 0010
2026-08-02 20:59:17 INFO [app]:   找到 Buyer Item 0010, 品名: CIM 2020901CF0L01 抗靜電墊塊
2026-08-02 20:59:17 INFO [app]:   ✅ 完全相同
2026-08-02 20:59:17 INFO [app]: 處理 PO 6100893173 的 Item 0020
2026-08-02 20:59:17 INFO [app]:   找到 Buyer Item 0020, 品名: CIM 2020901CF0M01 抗靜電墊塊
2026-08-02 20:59:17 INFO [app]:   ✅ 完全相同
2026-08-02 20:59:17 INFO [app]: 📊 PO 6100893173 統計: 相同=2, 衝突=0
2026-08-02 20:59:17 INFO [app]: ================================================================================

2026-08-02 20:59:17 INFO [app]: 
✅ 總共處理 1 個 PO
2026-08-02 20:59:24 INFO [app]: 總資料筆數: 931, 有效資料(狀態=V): 801
2026-08-02 20:59:24 INFO [app]: 
================================================================================
2026-08-02 20:59:24 INFO [app]: 開始處理資料比對 (Version 31 - 品名優先)
2026-08-02 20:59:24 INFO [app]: ================================================================================
2026-08-02 20:59:24 INFO [app]: 
[第 1 筆]
2026-08-02 20:59:24 INFO [app]:   新資料 => PO: 6100893173, Item: 0010
2026-08-02 20:59:24 INFO [app]:   品名: CIM 2020901CF0L01 抗靜電墊塊
2026-08-02 20:59:24 INFO [app]:      在 PO 6100893173 找到 2 筆資料
2026-08-02 20:59:24 INFO [app]:      品名相似度排名：
2026-08-02 20:59:24 INFO [app]:        1. Item 0010: 100.0% [Item相同] - CIM 2020901CF0L01 抗靜電墊塊...
2026-08-02 20:59:24 INFO [app]:        2. Item 0020: 95.7% - CIM 2020901CF0M01 抗靜電墊塊...
2026-08-02 20:59:24 INFO [app]:   ✅ 品名完全相同且 Item 相同（相似度 100.0%） => 直接更新
2026-08-02 20:59:24 INFO [app]:      交期變更: 2026/08/20 → 2026/08/24
2026-08-02 20:59:24 INFO [app]: 
[第 2 筆]
2026-08-02 20:59:24 INFO [app]:   新資料 => PO: 6100893173, Item: 0020
2026-08-02 20:59:24 INFO [app]:   品名: CIM 2020901CF0M01 抗靜電墊塊
2026-08-02 20:59:24 INFO [app]:      在 PO 6100893173 找到 2 筆資料
2026-08-02 20:59:24 INFO [app]:      品名相似度排名：
2026-08-02 20:59:24 INFO [app]:        1. Item 0020: 100.0% [Item相同] - CIM 2020901CF0M01 抗靜電墊塊...
2026-08-02 20:59:24 INFO [app]:        2. Item 0010: 95.7% - CIM 2020901CF0L01 抗靜電墊塊...
2026-08-02 20:59:24 INFO [app]:   ✅ 品名完全相同且 Item 相同（相似度 100.0%） => 直接更新
2026-08-02 20:59:24 INFO [app]:      交期變更: 2026/08/20 → 2026/08/24
2026-08-02 20:59:24 INFO [app]: 
================================================================================
2026-08-02 20:59:24 INFO [app]: 比對結果摘要 (Version 31 - 品名優先)
2026-08-02 20:59:24 INFO [app]: ================================================================================
2026-08-02 20:59:24 INFO [app]: 總處理筆數: 2
2026-08-02 20:59:24 INFO [app]: 更新筆數: 2
2026-08-02 20:59:24 INFO [app]: 新增筆數: 0
2026-08-02 20:59:24 INFO [app]: 失敗筆數: 0
2026-08-02 20:59:24 INFO [app]: 待確認筆數: 0
2026-08-02 20:59:24 INFO [app]: 自動更新筆數: 2
2026-08-02 20:59:24 INFO [app]: 
詳細比對結果:
2026-08-02 20:59:24 INFO [app]: --------------------------------------------------------------------------------
2026-08-02 20:59:24 INFO [app]: 筆數    PO No.          Item       比對方式                 處理       備註
2026-08-02 20:59:24 INFO [app]: --------------------------------------------------------------------------------
2026-08-02 20:59:24 INFO [app]: 1     6100893173      0010       品名完全相同+Item相同        已更新      
2026-08-02 20:59:24 INFO [app]: 2     6100893173      0020       品名完全相同+Item相同        已更新      
2026-08-02 20:59:24 INFO [app]: ================================================================================

2026-08-02 21:00:06 INFO [app]: 📁 收到檔案：物料收貨單查詢報表_20260727_(Security B).xls（副檔名：.xls）
2026-08-02 21:00:20 INFO [app]: 📁 收到檔案：物料收貨單查詢報表_20260627_(Security B).xls（副檔名：.xls）
2026-08-02 21:01:39 INFO [app]: 🔄 Log 系統已啟動（設定檔：C:\Users\User\Desktop\預計請購_20220530-w03上版\config.ini，輪轉週期：7 天，保留 52 份）
2026-08-02 21:01:40 INFO [app]: 🔄 Log 系統已啟動（設定檔：C:\Users\User\Desktop\預計請購_20220530-w03上版\config.ini，輪轉週期：7 天，保留 52 份）
2026-08-02 21:01:45 INFO [app]: 📁 收到檔案：物料收貨單查詢報表_20260627_(Security B).xls（副檔名：.xls）
2026-08-02 21:01:45 INFO [app]: 💾 已儲存為 static/data/delivery_receipt.csv，開始進行對 Buyer detail 該表數據更新
2026-08-02 21:01:45 INFO [app]: 總共更新了 0 筆資料。
2026-08-02 21:01:45 INFO [app]: 檔案已更新。總共更新了 0 筆資料。
2026-08-02 21:11:03 INFO [app]: 📁 收到檔案：物料收貨單查詢報表_20260727_(Security B).xls（副檔名：.xls）
2026-08-02 21:11:03 INFO [app]: 💾 已儲存為 static/data/delivery_receipt.csv，開始進行對 Buyer detail 該表數據更新
2026-08-02 21:11:03 INFO [app]: {'6100881435'} 更改 -> item: TBD-06-3450-1541 K11-8F-3450 馬達軸心, 驗收數量: 30, 拒收數量: nan, 發票月份: 2026/7/20
2026-08-02 21:11:03 INFO [app]: {'6100882178'} 更改 -> item: TBD-06-4110-1500 K11-8F 4110五合一烤盤, 驗收數量: 9, 拒收數量: nan, 發票月份: 2026/7/20
2026-08-02 21:11:03 INFO [app]: 總共更新了 2 筆資料。
2026-08-02 21:11:03 INFO [app]: 檔案已更新。總共更新了 2 筆資料。
2026-08-02 21:11:26 INFO [app]: Processing file: 6100880110-TabM9-_244a7269.mhtml
2026-08-02 21:11:26 INFO [app]: GridView data saved to: 6100880110-TabM9-_244a7269_gridview.json
2026-08-02 21:11:26 INFO [app]: 開始與 Buyer_detail.csv 比對...
2026-08-02 21:11:26 WARNING [app]: PO matched but description different: Buyer='10.0' or 'Tablet Lenovo Tab M9 TB-310XU(9吋4G+64G)', GridView='聯想Tab平板M9保護套+防摔支架殼肩帶-黑'
2026-08-02 21:11:26 WARNING [app]: PO matched but description different: Buyer='10.0' or 'Tablet Lenovo Tab M9 TB-310XU(9吋4G+64G)', GridView='聯想Tab平板M9保護套+防摔支架殼肩帶-紅'
2026-08-02 21:11:26 WARNING [app]: PO matched but description different: Buyer='10.0' or 'Tablet Lenovo Tab M9 TB-310XU(9吋4G+64G)', GridView='聯想Tab平板M9保護套+防摔支架殼肩帶-藍'
2026-08-02 21:13:11 INFO [app]: Processing file: 6100880110-Tablet_Lenovo_Tab_M9_TB-310XU94G64G_972bb125.mhtml
2026-08-02 21:13:11 INFO [app]: GridView data saved to: 6100880110-Tablet_Lenovo_Tab_M9_TB-310XU94G64G_972bb125_gridview.json
2026-08-02 21:13:11 INFO [app]: 開始與 Buyer_detail.csv 比對...
2026-08-02 21:13:30 INFO [app]: Processing file: 6100880110-TabM9-_774ba2e5.mhtml
2026-08-02 21:13:30 INFO [app]: GridView data saved to: 6100880110-TabM9-_774ba2e5_gridview.json
2026-08-02 21:13:30 INFO [app]: 開始與 Buyer_detail.csv 比對...
2026-08-02 21:13:30 WARNING [app]: PO matched but description different: Buyer='10.0' or 'Tablet Lenovo Tab M9 TB-310XU(9吋4G+64G)', GridView='聯想Tab平板M9保護套+防摔支架殼肩帶-黑'
2026-08-02 21:13:30 WARNING [app]: PO matched but description different: Buyer='10.0' or 'Tablet Lenovo Tab M9 TB-310XU(9吋4G+64G)', GridView='聯想Tab平板M9保護套+防摔支架殼肩帶-紅'
2026-08-02 21:13:30 WARNING [app]: PO matched but description different: Buyer='10.0' or 'Tablet Lenovo Tab M9 TB-310XU(9吋4G+64G)', GridView='聯想Tab平板M9保護套+防摔支架殼肩帶-藍'
2026-08-02 21:13:52 INFO [app]: 收到檔案: 6100891106-Keyence GL-S24FH 安全光柵、Keyence GL-SP5P 安全光柵用通訊纜線.mhtml, 大小: 338254 字元
2026-08-02 21:13:52 INFO [app]: ==================================================
2026-08-02 21:13:52 INFO [app]: 解析結果:
2026-08-02 21:13:52 INFO [app]: 檔案名稱: 6100891106-Keyence GL-S24FH 安全光柵、Keyence GL-SP5P 安全光柵用通訊纜線.mhtml
2026-08-02 21:13:52 INFO [app]: 解析筆數: 0
2026-08-02 21:13:52 INFO [app]: ------------------------------
2026-08-02 21:13:52 INFO [app]: ==================================================
2026-08-02 21:14:02 INFO [app]: 收到檔案: 物料收貨單-20260727.mhtml, 大小: 266595 字元
2026-08-02 21:14:02 INFO [app]: ==================================================
2026-08-02 21:14:02 INFO [app]: 解析結果:
2026-08-02 21:14:02 INFO [app]: 檔案名稱: 物料收貨單-20260727.mhtml
2026-08-02 21:14:02 INFO [app]: 解析筆數: 10
2026-08-02 21:14:02 INFO [app]: ------------------------------
2026-08-02 21:14:02 INFO [app]: 第 1 筆:
2026-08-02 21:14:02 INFO [app]:   RT No: 6000295435
2026-08-02 21:14:02 INFO [app]:   項次: 0001
2026-08-02 21:14:02 INFO [app]:   PO No: 6100879496
2026-08-02 21:14:02 INFO [app]:   科目指派: K - 費用
2026-08-02 21:14:02 INFO [app]:   品名: CIM S-KMT68840SR CONTROL FRONT_S015/
2026-08-02 21:14:02 INFO [app]:   數量: 5
2026-08-02 21:14:02 INFO [app]:   取件者: AB門
2026-08-02 21:14:02 INFO [app]: ------------------------------
2026-08-02 21:14:02 INFO [app]: 第 2 筆:
2026-08-02 21:14:02 INFO [app]:   RT No: 6000297871
2026-08-02 21:14:02 INFO [app]:   項次: 0001
2026-08-02 21:14:02 INFO [app]:   PO No: 6100880421
2026-08-02 21:14:02 INFO [app]:   科目指派: K - 費用
2026-08-02 21:14:02 INFO [app]:   品名: ASE-AS114000308-1 時規皮帶輪(AL-SUS)
2026-08-02 21:14:02 INFO [app]:   數量: 20
2026-08-02 21:14:02 INFO [app]:   取件者: 郭任?
2026-08-02 21:14:02 INFO [app]: ------------------------------
2026-08-02 21:14:02 INFO [app]: 第 3 筆:
2026-08-02 21:14:02 INFO [app]:   RT No: 6000297871
2026-08-02 21:14:02 INFO [app]:   項次: 0002
2026-08-02 21:14:02 INFO [app]:   PO No: 6100880421
2026-08-02 21:14:02 INFO [app]:   科目指派: K - 費用
2026-08-02 21:14:02 INFO [app]:   品名: ASE-AS114000308-2 時規皮帶輪(AL-SUS)
2026-08-02 21:14:02 INFO [app]:   數量: 20
2026-08-02 21:14:02 INFO [app]:   取件者: 郭任?
2026-08-02 21:14:02 INFO [app]: ------------------------------
2026-08-02 21:14:02 INFO [app]: 第 4 筆:
2026-08-02 21:14:02 INFO [app]:   RT No: 6000297871
2026-08-02 21:14:02 INFO [app]:   項次: 0003
2026-08-02 21:14:02 INFO [app]:   PO No: 6100880421
2026-08-02 21:14:02 INFO [app]:   科目指派: K - 費用
2026-08-02 21:14:02 INFO [app]:   品名: ASE-AS11500054 時規皮帶輪(軸承)
2026-08-02 21:14:02 INFO [app]:   數量: 20
2026-08-02 21:14:02 INFO [app]:   取件者: 郭任?
2026-08-02 21:14:02 INFO [app]: ------------------------------
2026-08-02 21:14:02 INFO [app]: 第 5 筆:
2026-08-02 21:14:02 INFO [app]:   RT No: 6000302036
2026-08-02 21:14:02 INFO [app]:   項次: 0001
2026-08-02 21:14:02 INFO [app]:   PO No: 6100891106
2026-08-02 21:14:02 INFO [app]:   科目指派: K - 費用
2026-08-02 21:14:02 INFO [app]:   品名: Keyence GL-S24FH 安全光柵
2026-08-02 21:14:02 INFO [app]:   數量: 2
2026-08-02 21:14:02 INFO [app]:   取件者: X1
2026-08-02 21:14:02 INFO [app]: ------------------------------
2026-08-02 21:14:02 INFO [app]: 第 6 筆:
2026-08-02 21:14:02 INFO [app]:   RT No: 6000302036
2026-08-02 21:14:02 INFO [app]:   項次: 0002
2026-08-02 21:14:02 INFO [app]:   PO No: 6100891106
2026-08-02 21:14:02 INFO [app]:   科目指派: K - 費用
2026-08-02 21:14:02 INFO [app]:   品名: Keyence GL-SP5P 安全光柵用通訊纜線
2026-08-02 21:14:02 INFO [app]:   數量: 2
2026-08-02 21:14:02 INFO [app]:   取件者: X1
2026-08-02 21:14:02 INFO [app]: ------------------------------
2026-08-02 21:14:02 INFO [app]: 第 7 筆:
2026-08-02 21:14:02 INFO [app]:   RT No: 6000302064
2026-08-02 21:14:02 INFO [app]:   項次: 0001
2026-08-02 21:14:02 INFO [app]:   PO No: 6100881435
2026-08-02 21:14:02 INFO [app]:   科目指派: K - 費用
2026-08-02 21:14:02 INFO [app]:   品名: TBD-06-3450-1541 K11-8F-3450 馬達軸心
2026-08-02 21:14:02 INFO [app]:   數量: 30
2026-08-02 21:14:02 INFO [app]:   取件者: 郭任?
2026-08-02 21:14:02 INFO [app]: ------------------------------
2026-08-02 21:14:02 INFO [app]: 第 8 筆:
2026-08-02 21:14:02 INFO [app]:   RT No: 6000303860
2026-08-02 21:14:02 INFO [app]:   項次: 0001
2026-08-02 21:14:02 INFO [app]:   PO No: 6100882227
2026-08-02 21:14:02 INFO [app]:   科目指派: K - 費用
2026-08-02 21:14:02 INFO [app]:   品名: CIM VX113-1002 Heary-weight wheel
2026-08-02 21:14:02 INFO [app]:   數量: 4
2026-08-02 21:14:02 INFO [app]:   取件者: 周彥良
2026-08-02 21:14:02 INFO [app]: ------------------------------
2026-08-02 21:14:02 INFO [app]: 第 9 筆:
2026-08-02 21:14:02 INFO [app]:   RT No: 6000303860
2026-08-02 21:14:02 INFO [app]:   項次: 0002
2026-08-02 21:14:02 INFO [app]:   PO No: 6100882227
2026-08-02 21:14:02 INFO [app]:   科目指派: K - 費用
2026-08-02 21:14:02 INFO [app]:   品名: CIM VX113-1006 Timing belt 時規皮帶
2026-08-02 21:14:02 INFO [app]:   數量: 4
2026-08-02 21:14:02 INFO [app]:   取件者: 周彥良
2026-08-02 21:14:02 INFO [app]: ------------------------------
2026-08-02 21:14:02 INFO [app]: 第 10 筆:
2026-08-02 21:14:02 INFO [app]:   RT No: 6000303861
2026-08-02 21:14:02 INFO [app]:   項次: 0001
2026-08-02 21:14:02 INFO [app]:   PO No: 6100882178
2026-08-02 21:14:02 INFO [app]:   科目指派: K - 費用
2026-08-02 21:14:02 INFO [app]:   品名: TBD-06-4110-1500 K11-8F 4110五合一烤盤
2026-08-02 21:14:02 INFO [app]:   數量: 9
2026-08-02 21:14:02 INFO [app]:   取件者: 林建良
2026-08-02 21:14:02 INFO [app]: ------------------------------
2026-08-02 21:14:02 INFO [app]: ==================================================
2026-08-02 21:14:09 INFO [app]: 收到查詢請求，PO 號碼: ['6100879496', '6100880421', '6100880421', '6100880421', '6100891106', '6100891106', '6100881435', '6100882227', '6100882227', '6100882178']
2026-08-02 21:14:09 INFO [app]: buyer_detail_df 狀態: 已載入
2026-08-02 21:14:09 INFO [app]: planned_purchase_df 狀態: 已載入
2026-08-02 21:14:09 INFO [app]: Buyer_detail 資料筆數: 931
2026-08-02 21:14:09 INFO [app]: Buyer_detail 欄位: ['Id', '開單狀態', '交貨驗證', 'User', 'ePR No.', 'PO No.', 'Item', '品項', '規格', '數量', '總數', '單價', '總價', '備註', '字數', 'isEditing', 'backup', '_alertedItemLimit', 'Delivery Date 廠商承諾交期', 'SOD Qty 廠商承諾數量', '驗收數量', '拒收數量', '發票月份', 'WBS', '需求日', 'RT金額', 'RT總金額', '驗收狀態']
2026-08-02 21:14:09 INFO [app]: Buyer_detail 前3筆 PO No.: [nan, '6100805547', '6100805547']
2026-08-02 21:14:09 INFO [app]: Planned_purchase 資料筆數: 368
2026-08-02 21:14:09 INFO [app]: Planned_purchase 欄位: ['Id', '開單狀態', 'WBS', '請購順序', '需求者', '請購項目', '需求原因', '總金額', '需求日', '已開單日期', 'ePR No.', '進度追蹤超連結', '備註', 'Status', '簽核中關卡', '報告路徑', '驗收路徑', '合作類別', '合作廠商', '前購單單號', '驗收狀態', 'PO No.', '主任簽核', '叔叔簽核']
2026-08-02 21:14:09 INFO [app]: Planned_purchase 前3筆 PO No.: ['6100793959<br />6100793960', '6100794178', '6100793173']
2026-08-02 21:14:09 INFO [app]: 開始處理 PO: 6100879496
2026-08-02 21:14:09 INFO [app]: 查詢需求者，PO No: '6100879496'
2026-08-02 21:14:09 INFO [app]: Planned_Purchase CSV 欄位: ['Id', '開單狀態', 'WBS', '請購順序', '需求者', '請購項目', '需求原因', '總金額', '需求日', '已開單日期', 'ePR No.', '進度追蹤超連結', '備註', 'Status', '簽核中關卡', '報告路徑', '驗收路徑', '合作類別', '合作廠商', '前購單單號', '驗收狀態', 'PO No.', '主任簽核', '叔叔簽核']
2026-08-02 21:14:09 INFO [app]: 查詢結果數量: 1
2026-08-02 21:14:09 INFO [app]: 找到 PO 6100879496 的需求者: 周彥良 -> 周彥良
2026-08-02 21:14:09 INFO [app]: 查詢 ePR No.，PO No: '6100879496'
2026-08-02 21:14:09 INFO [app]: 從 Buyer_detail 查詢 (共 931 筆資料)
2026-08-02 21:14:09 INFO [app]: 將 PO No. 轉換為數字: 6100879496
2026-08-02 21:14:09 INFO [app]: 數字匹配查詢到 1 筆結果
2026-08-02 21:14:09 INFO [app]: 找到的 ePR No. 原始值: '2604300394', 類型: <class 'str'>
2026-08-02 21:14:09 INFO [app]: ✓ 在 Buyer_detail 找到 PO 6100879496 的 ePR No.: 2604300394
2026-08-02 21:14:09 INFO [app]: PO 6100879496 最終結果: User=周彥良, ePR=2604300394
2026-08-02 21:14:09 INFO [app]: 開始處理 PO: 6100880421
2026-08-02 21:14:09 INFO [app]: 查詢需求者，PO No: '6100880421'
2026-08-02 21:14:09 INFO [app]: Planned_Purchase CSV 欄位: ['Id', '開單狀態', 'WBS', '請購順序', '需求者', '請購項目', '需求原因', '總金額', '需求日', '已開單日期', 'ePR No.', '進度追蹤超連結', '備註', 'Status', '簽核中關卡', '報告路徑', '驗收路徑', '合作類別', '合作廠商', '前購單單號', '驗收狀態', 'PO No.', '主任簽核', '叔叔簽核']
2026-08-02 21:14:09 INFO [app]: 查詢結果數量: 1
2026-08-02 21:14:09 INFO [app]: 找到 PO 6100880421 的需求者: 郭任群 -> 郭任群
2026-08-02 21:14:09 INFO [app]: 查詢 ePR No.，PO No: '6100880421'
2026-08-02 21:14:09 INFO [app]: 從 Buyer_detail 查詢 (共 931 筆資料)
2026-08-02 21:14:09 INFO [app]: 將 PO No. 轉換為數字: 6100880421
2026-08-02 21:14:09 INFO [app]: 數字匹配查詢到 3 筆結果
2026-08-02 21:14:09 INFO [app]: 找到的 ePR No. 原始值: '2605220363', 類型: <class 'str'>
2026-08-02 21:14:09 INFO [app]: ✓ 在 Buyer_detail 找到 PO 6100880421 的 ePR No.: 2605220363
2026-08-02 21:14:09 INFO [app]: PO 6100880421 最終結果: User=郭任群, ePR=2605220363
2026-08-02 21:14:09 INFO [app]: 開始處理 PO: 6100880421
2026-08-02 21:14:09 INFO [app]: 查詢需求者，PO No: '6100880421'
2026-08-02 21:14:09 INFO [app]: Planned_Purchase CSV 欄位: ['Id', '開單狀態', 'WBS', '請購順序', '需求者', '請購項目', '需求原因', '總金額', '需求日', '已開單日期', 'ePR No.', '進度追蹤超連結', '備註', 'Status', '簽核中關卡', '報告路徑', '驗收路徑', '合作類別', '合作廠商', '前購單單號', '驗收狀態', 'PO No.', '主任簽核', '叔叔簽核']
2026-08-02 21:14:09 INFO [app]: 查詢結果數量: 1
2026-08-02 21:14:09 INFO [app]: 找到 PO 6100880421 的需求者: 郭任群 -> 郭任群
2026-08-02 21:14:09 INFO [app]: 查詢 ePR No.，PO No: '6100880421'
2026-08-02 21:14:09 INFO [app]: 從 Buyer_detail 查詢 (共 931 筆資料)
2026-08-02 21:14:09 INFO [app]: 將 PO No. 轉換為數字: 6100880421
2026-08-02 21:14:09 INFO [app]: 數字匹配查詢到 3 筆結果
2026-08-02 21:14:09 INFO [app]: 找到的 ePR No. 原始值: '2605220363', 類型: <class 'str'>
2026-08-02 21:14:09 INFO [app]: ✓ 在 Buyer_detail 找到 PO 6100880421 的 ePR No.: 2605220363
2026-08-02 21:14:09 INFO [app]: PO 6100880421 最終結果: User=郭任群, ePR=2605220363
2026-08-02 21:14:09 INFO [app]: 開始處理 PO: 6100880421
2026-08-02 21:14:09 INFO [app]: 查詢需求者，PO No: '6100880421'
2026-08-02 21:14:09 INFO [app]: Planned_Purchase CSV 欄位: ['Id', '開單狀態', 'WBS', '請購順序', '需求者', '請購項目', '需求原因', '總金額', '需求日', '已開單日期', 'ePR No.', '進度追蹤超連結', '備註', 'Status', '簽核中關卡', '報告路徑', '驗收路徑', '合作類別', '合作廠商', '前購單單號', '驗收狀態', 'PO No.', '主任簽核', '叔叔簽核']
2026-08-02 21:14:09 INFO [app]: 查詢結果數量: 1
2026-08-02 21:14:09 INFO [app]: 找到 PO 6100880421 的需求者: 郭任群 -> 郭任群
2026-08-02 21:14:09 INFO [app]: 查詢 ePR No.，PO No: '6100880421'
2026-08-02 21:14:09 INFO [app]: 從 Buyer_detail 查詢 (共 931 筆資料)
2026-08-02 21:14:09 INFO [app]: 將 PO No. 轉換為數字: 6100880421
2026-08-02 21:14:09 INFO [app]: 數字匹配查詢到 3 筆結果
2026-08-02 21:14:09 INFO [app]: 找到的 ePR No. 原始值: '2605220363', 類型: <class 'str'>
2026-08-02 21:14:09 INFO [app]: ✓ 在 Buyer_detail 找到 PO 6100880421 的 ePR No.: 2605220363
2026-08-02 21:14:09 INFO [app]: PO 6100880421 最終結果: User=郭任群, ePR=2605220363
2026-08-02 21:14:09 INFO [app]: 開始處理 PO: 6100891106
2026-08-02 21:14:09 INFO [app]: 查詢需求者，PO No: '6100891106'
2026-08-02 21:14:09 INFO [app]: Planned_Purchase CSV 欄位: ['Id', '開單狀態', 'WBS', '請購順序', '需求者', '請購項目', '需求原因', '總金額', '需求日', '已開單日期', 'ePR No.', '進度追蹤超連結', '備註', 'Status', '簽核中關卡', '報告路徑', '驗收路徑', '合作類別', '合作廠商', '前購單單號', '驗收狀態', 'PO No.', '主任簽核', '叔叔簽核']
2026-08-02 21:14:09 INFO [app]: 查詢結果數量: 1
2026-08-02 21:14:09 INFO [app]: 找到 PO 6100891106 的需求者: 林景陽 -> 林景陽
2026-08-02 21:14:09 INFO [app]: 查詢 ePR No.，PO No: '6100891106'
2026-08-02 21:14:09 INFO [app]: 從 Buyer_detail 查詢 (共 931 筆資料)
2026-08-02 21:14:09 INFO [app]: 將 PO No. 轉換為數字: 6100891106
2026-08-02 21:14:09 INFO [app]: 數字匹配查詢到 2 筆結果
2026-08-02 21:14:09 INFO [app]: 找到的 ePR No. 原始值: '2607060305', 類型: <class 'str'>
2026-08-02 21:14:09 INFO [app]: ✓ 在 Buyer_detail 找到 PO 6100891106 的 ePR No.: 2607060305
2026-08-02 21:14:09 INFO [app]: PO 6100891106 最終結果: User=林景陽, ePR=2607060305
2026-08-02 21:14:09 INFO [app]: 開始處理 PO: 6100891106
2026-08-02 21:14:09 INFO [app]: 查詢需求者，PO No: '6100891106'
2026-08-02 21:14:09 INFO [app]: Planned_Purchase CSV 欄位: ['Id', '開單狀態', 'WBS', '請購順序', '需求者', '請購項目', '需求原因', '總金額', '需求日', '已開單日期', 'ePR No.', '進度追蹤超連結', '備註', 'Status', '簽核中關卡', '報告路徑', '驗收路徑', '合作類別', '合作廠商', '前購單單號', '驗收狀態', 'PO No.', '主任簽核', '叔叔簽核']
2026-08-02 21:14:09 INFO [app]: 查詢結果數量: 1
2026-08-02 21:14:09 INFO [app]: 找到 PO 6100891106 的需求者: 林景陽 -> 林景陽
2026-08-02 21:14:09 INFO [app]: 查詢 ePR No.，PO No: '6100891106'
2026-08-02 21:14:09 INFO [app]: 從 Buyer_detail 查詢 (共 931 筆資料)
2026-08-02 21:14:09 INFO [app]: 將 PO No. 轉換為數字: 6100891106
2026-08-02 21:14:09 INFO [app]: 數字匹配查詢到 2 筆結果
2026-08-02 21:14:09 INFO [app]: 找到的 ePR No. 原始值: '2607060305', 類型: <class 'str'>
2026-08-02 21:14:09 INFO [app]: ✓ 在 Buyer_detail 找到 PO 6100891106 的 ePR No.: 2607060305
2026-08-02 21:14:09 INFO [app]: PO 6100891106 最終結果: User=林景陽, ePR=2607060305
2026-08-02 21:14:09 INFO [app]: 開始處理 PO: 6100881435
2026-08-02 21:14:09 INFO [app]: 查詢需求者，PO No: '6100881435'
2026-08-02 21:14:09 INFO [app]: Planned_Purchase CSV 欄位: ['Id', '開單狀態', 'WBS', '請購順序', '需求者', '請購項目', '需求原因', '總金額', '需求日', '已開單日期', 'ePR No.', '進度追蹤超連結', '備註', 'Status', '簽核中關卡', '報告路徑', '驗收路徑', '合作類別', '合作廠商', '前購單單號', '驗收狀態', 'PO No.', '主任簽核', '叔叔簽核']
2026-08-02 21:14:09 INFO [app]: 查詢結果數量: 1
2026-08-02 21:14:09 INFO [app]: 找到 PO 6100881435 的需求者: 郭任群 -> 郭任群
2026-08-02 21:14:09 INFO [app]: 查詢 ePR No.，PO No: '6100881435'
2026-08-02 21:14:09 INFO [app]: 從 Buyer_detail 查詢 (共 931 筆資料)
2026-08-02 21:14:09 INFO [app]: 將 PO No. 轉換為數字: 6100881435
2026-08-02 21:14:09 INFO [app]: 數字匹配查詢到 1 筆結果
2026-08-02 21:14:09 INFO [app]: 找到的 ePR No. 原始值: '2606020606', 類型: <class 'str'>
2026-08-02 21:14:09 INFO [app]: ✓ 在 Buyer_detail 找到 PO 6100881435 的 ePR No.: 2606020606
2026-08-02 21:14:09 INFO [app]: PO 6100881435 最終結果: User=郭任群, ePR=2606020606
2026-08-02 21:14:09 INFO [app]: 開始處理 PO: 6100882227
2026-08-02 21:14:09 INFO [app]: 查詢需求者，PO No: '6100882227'
2026-08-02 21:14:09 INFO [app]: Planned_Purchase CSV 欄位: ['Id', '開單狀態', 'WBS', '請購順序', '需求者', '請購項目', '需求原因', '總金額', '需求日', '已開單日期', 'ePR No.', '進度追蹤超連結', '備註', 'Status', '簽核中關卡', '報告路徑', '驗收路徑', '合作類別', '合作廠商', '前購單單號', '驗收狀態', 'PO No.', '主任簽核', '叔叔簽核']
2026-08-02 21:14:09 INFO [app]: 查詢結果數量: 1
2026-08-02 21:14:09 INFO [app]: 找到 PO 6100882227 的需求者: 周彥良 -> 周彥良
2026-08-02 21:14:09 INFO [app]: 查詢 ePR No.，PO No: '6100882227'
2026-08-02 21:14:09 INFO [app]: 從 Buyer_detail 查詢 (共 931 筆資料)
2026-08-02 21:14:09 INFO [app]: 將 PO No. 轉換為數字: 6100882227
2026-08-02 21:14:09 INFO [app]: 數字匹配查詢到 2 筆結果
2026-08-02 21:14:09 INFO [app]: 找到的 ePR No. 原始值: '2605290303', 類型: <class 'str'>
2026-08-02 21:14:09 INFO [app]: ✓ 在 Buyer_detail 找到 PO 6100882227 的 ePR No.: 2605290303
2026-08-02 21:14:09 INFO [app]: PO 6100882227 最終結果: User=周彥良, ePR=2605290303
2026-08-02 21:14:09 INFO [app]: 開始處理 PO: 6100882227
2026-08-02 21:14:09 INFO [app]: 查詢需求者，PO No: '6100882227'
2026-08-02 21:14:09 INFO [app]: Planned_Purchase CSV 欄位: ['Id', '開單狀態', 'WBS', '請購順序', '需求者', '請購項目', '需求原因', '總金額', '需求日', '已開單日期', 'ePR No.', '進度追蹤超連結', '備註', 'Status', '簽核中關卡', '報告路徑', '驗收路徑', '合作類別', '合作廠商', '前購單單號', '驗收狀態', 'PO No.', '主任簽核', '叔叔簽核']
2026-08-02 21:14:09 INFO [app]: 查詢結果數量: 1
2026-08-02 21:14:09 INFO [app]: 找到 PO 6100882227 的需求者: 周彥良 -> 周彥良
2026-08-02 21:14:09 INFO [app]: 查詢 ePR No.，PO No: '6100882227'
2026-08-02 21:14:09 INFO [app]: 從 Buyer_detail 查詢 (共 931 筆資料)
2026-08-02 21:14:09 INFO [app]: 將 PO No. 轉換為數字: 6100882227
2026-08-02 21:14:09 INFO [app]: 數字匹配查詢到 2 筆結果
2026-08-02 21:14:09 INFO [app]: 找到的 ePR No. 原始值: '2605290303', 類型: <class 'str'>
2026-08-02 21:14:09 INFO [app]: ✓ 在 Buyer_detail 找到 PO 6100882227 的 ePR No.: 2605290303
2026-08-02 21:14:09 INFO [app]: PO 6100882227 最終結果: User=周彥良, ePR=2605290303
2026-08-02 21:14:09 INFO [app]: 開始處理 PO: 6100882178
2026-08-02 21:14:09 INFO [app]: 查詢需求者，PO No: '6100882178'
2026-08-02 21:14:09 INFO [app]: Planned_Purchase CSV 欄位: ['Id', '開單狀態', 'WBS', '請購順序', '需求者', '請購項目', '需求原因', '總金額', '需求日', '已開單日期', 'ePR No.', '進度追蹤超連結', '備註', 'Status', '簽核中關卡', '報告路徑', '驗收路徑', '合作類別', '合作廠商', '前購單單號', '驗收狀態', 'PO No.', '主任簽核', '叔叔簽核']
2026-08-02 21:14:09 INFO [app]: 查詢結果數量: 1
2026-08-02 21:14:09 INFO [app]: 找到 PO 6100882178 的需求者: 繆中明 -> 繆中明
2026-08-02 21:14:09 INFO [app]: 查詢 ePR No.，PO No: '6100882178'
2026-08-02 21:14:09 INFO [app]: 從 Buyer_detail 查詢 (共 931 筆資料)
2026-08-02 21:14:09 INFO [app]: 將 PO No. 轉換為數字: 6100882178
2026-08-02 21:14:09 INFO [app]: 數字匹配查詢到 1 筆結果
2026-08-02 21:14:09 INFO [app]: 找到的 ePR No. 原始值: '2606020600', 類型: <class 'str'>
2026-08-02 21:14:09 INFO [app]: ✓ 在 Buyer_detail 找到 PO 6100882178 的 ePR No.: 2606020600
2026-08-02 21:14:09 INFO [app]: PO 6100882178 最終結果: User=繆中明, ePR=2606020600
2026-08-02 21:14:09 INFO [app]: 回傳完整結果: {'6100879496': {'user': '周彥良', 'eprNo': '2604300394'}, '6100880421': {'user': '郭任群', 'eprNo': '2605220363'}, '6100891106': {'user': '林景陽', 'eprNo': '2607060305'}, '6100881435': {'user': '郭任群', 'eprNo': '2606020606'}, '6100882227': {'user': '周彥良', 'eprNo': '2605290303'}, '6100882178': {'user': '繆中明', 'eprNo': '2606020600'}}
2026-08-02 21:14:13 INFO [app]: 準備發送郵件,共 10 筆資料
2026-08-02 21:14:13 INFO [app]:   [1] PO: 6100879496 / Item: 0001 / 備註: 設備修改類, 請 User 提供照片結案
2026-08-02 21:14:13 INFO [app]:   [2] PO: 6100880421 / Item: 0001 / 備註: 555
2026-08-02 21:14:13 INFO [app]:   [3] PO: 6100880421 / Item: 0002 / 備註: 設備修改類, 請 User 提供照片結案
2026-08-02 21:14:13 INFO [app]:   [4] PO: 6100880421 / Item: 0003 / 備註: 設備修改類, 請 User 提供照片結案
2026-08-02 21:14:13 INFO [app]:   [5] PO: 6100891106 / Item: 0001 / 備註: 設備修改類, 請 User 提供照片結案
2026-08-02 21:14:13 INFO [app]:   [6] PO: 6100891106 / Item: 0002 / 備註: 設備修改類, 請 User 提供照片結案
2026-08-02 21:14:13 INFO [app]:   [7] PO: 6100881435 / Item: 0001 / 備註: 設備修改類, 請 User 提供照片結案
2026-08-02 21:14:13 INFO [app]:   [8] PO: 6100882227 / Item: 0001 / 備註: 設備修改類, 請 User 提供照片結案
2026-08-02 21:14:13 INFO [app]:   [9] PO: 6100882227 / Item: 0002 / 備註: 設備修改類, 請 User 提供照片結案
2026-08-02 21:14:13 INFO [app]:   [10] PO: 6100882178 / Item: 0001 / 備註: 設備修改類, 請 User 提供照片結案
2026-08-02 21:14:13 INFO [app]: 提取到的使用者: ['周彥良', '郭任群', '林景陽', '繆中明']
2026-08-02 21:14:13 INFO [app]: 使用者 周彥良 -> 英文名: YenLiang
2026-08-02 21:14:13 INFO [app]: 使用者 郭任群 -> 英文名: Erix
2026-08-02 21:14:13 INFO [app]: 使用者 林景陽 -> 英文名: CY
2026-08-02 21:14:13 INFO [app]: 使用者 繆中明 -> 英文名: ChungMing
2026-08-02 21:14:13 INFO [app]: 生成的問候語: Dear YenLiang, Erix, CY, ChungMing
2026-08-02 21:14:13 INFO [app]: 生成的問候語: Dear YenLiang, Erix, CY, ChungMing
2026-08-02 21:14:13 INFO [app]: PO字串: 6100879496、6100891106、6100881435、6100882178、6100882227、6100880421
2026-08-02 21:14:13 INFO [app]: TO 收件人: YenLiang_Chou@aseglobal.com,Erix_Kuo@aseglobal.com,Otis_Wang@aseglobal.com,ChungMing_Miao@aseglobal.com
2026-08-02 21:14:13 INFO [app]: TO 字串: YenLiang, ChungMing, CY, Erix
2026-08-02 21:14:13 INFO [app]: 問候語: Dear YenLiang, Erix, CY, ChungMing
2026-08-02 21:14:13 INFO [app]: PO: 6100879496、6100891106、6100881435、6100882178、6100882227、6100880421
TO: YenLiang_Chou@aseglobal.com,Erix_Kuo@aseglobal.com,Otis_Wang@aseglobal.com,ChungMing_Miao@aseglobal.com
Greeting: Dear YenLiang, Erix, CY, ChungMing
2026-08-02 21:14:34 INFO [app]: ✅ 郵件發送成功,處理了 10 筆資料
2026-08-02 21:15:30 INFO [app]: 🔄 Log 系統已啟動（設定檔：C:\Users\User\Desktop\預計請購_20220530-w03上版\config.ini，輪轉週期：7 天，保留 52 份）
2026-08-02 21:18:06 INFO [app]: 🔄 Log 系統已啟動（設定檔：C:\Users\User\Desktop\預計請購_20220530-w03上版\config.ini，輪轉週期：7 天，保留 52 份）
2026-08-02 21:18:11 INFO [app]: 🔄 Log 系統已啟動（設定檔：C:\Users\User\Desktop\預計請購_20220530-w03上版\config.ini，輪轉週期：7 天，保留 52 份）
