2026-09-08 19:51:55 INFO [mail_send.urgent]: 📧 準備發送【超急件】請購通知郵件
2026-09-08 19:51:55 INFO [mail_send.urgent]:    收件人(To): Jackson_Lo@aseglobal.com,Erix_Kuo@aseglobal.com
2026-09-08 19:51:55 INFO [mail_send.urgent]:    副本(CC): ASEK_ASSYIII_CIM_AS@aseglobal.com
2026-09-08 19:51:55 INFO [mail_send.urgent]:    主旨: << ePR單 - 2505060002 >> 等級：超急件 K11-3F 跨樓層AGV送檢費需求請購申請 To. Jackson Sir & Erix (Security C)
2026-09-08 19:51:55 INFO [mail_send.urgent]:    內容: ePR No.=2505060002, 需求者=郭任群, 請購項目=K11-3F 跨樓層AGV送檢費, 需求原因=由於 K11-3F 跨樓層 AGV 車發生緊急迴路異常，經過多次嘗試修復未果，現需將該車返回原廠進行維修。, 總金額=35600, 需求日=20250506, ePR狀態=SAP PO 建立完成, 簽核中關卡=我要測試, 備註=C3166 代申請；2025/08/27 交貨結案
2026-09-08 19:52:16 ERROR [mail_send.urgent]: ❌ 郵件發送失敗 (ePR No.=2505060002): [WinError 10060] 連線嘗試失敗，因為連線對象有一段時間並未正確回應，或是連線建立失敗，因為連線的主機無法回應。
2026-09-08 19:53:45 INFO [mail_send.normal]: 📧 準備發送【急件】請購通知郵件
2026-09-08 19:53:45 INFO [mail_send.normal]:    收件人(To): Jackson_Lo@aseglobal.com,Erix_Kuo@aseglobal.com
2026-09-08 19:53:45 INFO [mail_send.normal]:    副本(CC): ASEK_ASSYIII_CIM_AS@aseglobal.com
2026-09-08 19:53:45 INFO [mail_send.normal]:    主旨: << ePR單 - 2505060002 >> 等級：急件 K11-3F 跨樓層AGV送檢費需求請購申請 To. Jackson Sir & Erix (Security C)
2026-09-08 19:53:45 INFO [mail_send.normal]:    內容: ePR No.=2505060002, 需求者=郭任群, 請購項目=K11-3F 跨樓層AGV送檢費, 需求原因=由於 K11-3F 跨樓層 AGV 車發生緊急迴路異常，經過多次嘗試修復未果，現需將該車返回原廠進行維修。, 總金額=35600, 需求日=20250506, ePR狀態=SAP PO 建立完成, 簽核中關卡=我要測試, 備註=C3166 代申請；2025/08/27 交貨結案
2026-09-08 19:54:06 ERROR [mail_send.normal]: ❌ 郵件發送失敗 (ePR No.=2505060002): [WinError 10060] 連線嘗試失敗，因為連線對象有一段時間並未正確回應，或是連線建立失敗，因為連線的主機無法回應。
2026-09-08 20:08:50 INFO [mail_send.normal]: 📧 準備發送【急件】請購通知郵件
2026-09-08 20:08:50 INFO [mail_send.normal]:    收件人(To): Jackson_Lo@aseglobal.com,WL_Huang@aseglobal.com,Erix_Kuo@aseglobal.com
2026-09-08 20:08:50 INFO [mail_send.normal]:    副本(CC): ASEK_ASSYIII_CIM_AS@aseglobal.com,WL_Huang@aseglobal.com
2026-09-08 20:08:50 INFO [mail_send.normal]:    主旨: << ePR單 - 2505060002 >> 等級：急件 K11-3F 跨樓層AGV送檢費需求請購申請 To. Jackson Sir & Erix (Security C)
2026-09-08 20:08:50 INFO [mail_send.normal]:    內容: ePR No.=2505060002, 需求者=郭任群, 請購項目=K11-3F 跨樓層AGV送檢費, 需求原因=由於 K11-3F 跨樓層 AGV 車發生緊急迴路異常，經過多次嘗試修復未果，現需將該車返回原廠進行維修。, 總金額=35600, 需求日=20250506, ePR狀態=SAP PO 建立完成, 簽核中關卡=我要測試, 備註=C3166 代申請；2025/08/27 交貨結案
2026-09-08 20:09:11 ERROR [mail_send.normal]: ❌ 郵件發送失敗 (ePR No.=2505060002): [WinError 10060] 連線嘗試失敗，因為連線對象有一段時間並未正確回應，或是連線建立失敗，因為連線的主機無法回應。
2026-09-08 20:09:34 INFO [mail_send.urgent]: 📧 準備發送【超急件】請購通知郵件
2026-09-08 20:09:34 INFO [mail_send.urgent]:    收件人(To): Jackson_Lo@aseglobal.com,WL_Huang@aseglobal.com,Erix_Kuo@aseglobal.com
2026-09-08 20:09:34 INFO [mail_send.urgent]:    副本(CC): ASEK_ASSYIII_CIM_AS@aseglobal.com,WL_Huang@aseglobal.com
2026-09-08 20:09:34 INFO [mail_send.urgent]:    主旨: << ePR單 - 2505060002 >> 等級：超急件 K11-3F 跨樓層AGV送檢費需求請購申請 To. Jackson Sir & Erix (Security C)
2026-09-08 20:09:34 INFO [mail_send.urgent]:    內容: ePR No.=2505060002, 需求者=郭任群, 請購項目=K11-3F 跨樓層AGV送檢費, 需求原因=由於 K11-3F 跨樓層 AGV 車發生緊急迴路異常，經過多次嘗試修復未果，現需將該車返回原廠進行維修。, 總金額=35600, 需求日=20250506, ePR狀態=SAP PO 建立完成, 簽核中關卡=我要測試, 備註=C3166 代申請；2025/08/27 交貨結案
2026-09-08 20:09:55 ERROR [mail_send.urgent]: ❌ 郵件發送失敗 (ePR No.=2505060002): [WinError 10060] 連線嘗試失敗，因為連線對象有一段時間並未正確回應，或是連線建立失敗，因為連線的主機無法回應。
